BL51 BANKED LINKER/LOCATER V6.22                                                        04/24/2018  09:35:20  PAGE 1


BL51 BANKED LINKER/LOCATER V6.22, INVOKED BY:
C:\KEIL_V5\C51\BIN\BL51.EXE .\Output\User_main.obj, .\Output\dataManage.obj, .\Output\appTimer.obj, .\Output\Tips.obj, .
>> \Output\usrKin.obj, .\Output\sensor_FP.obj, .\Output\HYM8564.obj, .\Output\Relay.obj, .\Output\dataTrans.obj, .\Outpu
>> t\wifi_LPT220.obj, .\Output\delay.obj, .\Output\EEPROM.obj, .\Output\Soft_UART.obj, .\Output\GPIO.obj, .\Output\USART
>> .obj, .\Output\timer.obj, .\Output\pars_Method.obj TO .\Output\file_download PRINT (.\Listing\file_download.m51) RAMS
>> IZE (256) XDATA (0X0000-0X06FF)


MEMORY MODEL: LARGE


INPUT MODULES INCLUDED:
  .\Output\User_main.obj (USER_MAIN)
  .\Output\dataManage.obj (DATAMANAGE)
  .\Output\appTimer.obj (APPTIMER)
  .\Output\Tips.obj (TIPS)
  .\Output\usrKin.obj (USRKIN)
  .\Output\sensor_FP.obj (SENSOR_FP)
  .\Output\HYM8564.obj (HYM8564)
  .\Output\Relay.obj (RELAY)
  .\Output\dataTrans.obj (DATATRANS)
  .\Output\wifi_LPT220.obj (WIFI_LPT220)
  .\Output\delay.obj (DELAY)
  .\Output\EEPROM.obj (EEPROM)
  .\Output\Soft_UART.obj (SOFT_UART)
  .\Output\GPIO.obj (GPIO)
  .\Output\USART.obj (USART)
  .\Output\timer.obj (TIMER)
  .\Output\pars_Method.obj (PARS_METHOD)
  C:\KEIL_V5\C51\LIB\C51L.LIB (?C_STARTUP)
  C:\KEIL_V5\C51\LIB\C51L.LIB (?C?COPY)
  C:\KEIL_V5\C51\LIB\C51L.LIB (?C?CLDPTR)
  C:\KEIL_V5\C51\LIB\C51L.LIB (?C?CLDOPTR)
  C:\KEIL_V5\C51\LIB\C51L.LIB (?C?CSTPTR)
  C:\KEIL_V5\C51\LIB\C51L.LIB (?C?IMUL)
  C:\KEIL_V5\C51\LIB\C51L.LIB (?C?IILDX)
  C:\KEIL_V5\C51\LIB\C51L.LIB (?C?ILDIX)
  C:\KEIL_V5\C51\LIB\C51L.LIB (?C?ILDOPTR)
  C:\KEIL_V5\C51\LIB\C51L.LIB (?C?ULDIV)
  C:\KEIL_V5\C51\LIB\C51L.LIB (?C?ULCMP)
  C:\KEIL_V5\C51\LIB\C51L.LIB (?C?ULSHR)
  C:\KEIL_V5\C51\LIB\C51L.LIB (?C?LLDOPTR0)
  C:\KEIL_V5\C51\LIB\C51L.LIB (?C?LSTXDATA)
  C:\KEIL_V5\C51\LIB\C51L.LIB (?C?LSTKXDATA)
  C:\KEIL_V5\C51\LIB\C51L.LIB (?C?PLDOPTR)
  C:\KEIL_V5\C51\LIB\C51L.LIB (?C?ICALL)
  C:\KEIL_V5\C51\LIB\C51L.LIB (PRINTF)
  C:\KEIL_V5\C51\LIB\C51L.LIB (STRLEN)
  C:\KEIL_V5\C51\LIB\C51L.LIB (?C?MEMCMP)
  C:\KEIL_V5\C51\LIB\C51L.LIB (?C?MEMSET)
  C:\KEIL_V5\C51\LIB\C51L.LIB (?C_INIT)
  C:\KEIL_V5\C51\LIB\C51L.LIB (?C?LLDIDATA0)
  C:\KEIL_V5\C51\LIB\C51L.LIB (?C?LLDXDATA0)
  C:\KEIL_V5\C51\LIB\C51L.LIB (?C?LLDPDATA0)
  C:\KEIL_V5\C51\LIB\C51L.LIB (?C?LLDCODE0)
  C:\KEIL_V5\C51\LIB\C51L.LIB (?C?PLDIDATA)
  C:\KEIL_V5\C51\LIB\C51L.LIB (?C?PLDXDATA)
  C:\KEIL_V5\C51\LIB\C51L.LIB (?C?PLDIXDATA)
BL51 BANKED LINKER/LOCATER V6.22                                                      04/24/2018  09:35:20  PAGE 2


  C:\KEIL_V5\C51\LIB\C51L.LIB (?C?PSTXDATA)
  C:\KEIL_V5\C51\LIB\C51L.LIB (?C?PLDPDATA)
  C:\KEIL_V5\C51\LIB\C51L.LIB (?C?PLDCODE)
  C:\KEIL_V5\C51\LIB\C51L.LIB (?C?CCASE)
  C:\KEIL_V5\C51\LIB\C51L.LIB (PUTCHAR)


LINK MAP OF MODULE:  .\Output\file_download (USER_MAIN)


            TYPE    BASE      LENGTH    RELOCATION   SEGMENT NAME
            -----------------------------------------------------

            * * * * * * *   D A T A   M E M O R Y   * * * * * * *
            REG     0000H     0008H     ABSOLUTE     "REG BANK 0"
            DATA    0008H     0005H     UNIT         ?DT?PRINTF?PRINTF
            IDATA   000DH     0001H     UNIT         ?ID?USRKIN
                    000EH     0012H                  *** GAP ***
            BIT     0020H.0   0001H.1   UNIT         ?BI?PRINTF?PRINTF
            BIT     0021H.1   0000H.3   UNIT         ?BI?TIPS
            BIT     0021H.4   0000H.1   UNIT         ?BI?SENSOR_FP
            BIT     0021H.5   0000H.1   UNIT         ?BI?_RELAY_ACT?RELAY
            BIT     0021H.6   0000H.1   UNIT         ?BI?WIFI_WMODE_CHG?WIFI_LPT220
                    0021H.7   0000H.1                *** GAP ***
            IDATA   0022H     0034H     UNIT         ?ID?SENSOR_FP
            IDATA   0056H     002CH     UNIT         ?ID?_WIFI_SERVERUDP_CHG?WIFI_LPT220
            IDATA   0082H     0001H     UNIT         ?STACK

            * * * * * * *  X D A T A   M E M O R Y  * * * * * * *
            XDATA   0000H     0002H     INPAGE       ?PD?_DELAYXUS?HYM8564
            XDATA   0002H     010EH     UNIT         ?XD?USART
            XDATA   0110H     005BH     UNIT         _XDATA_GROUP_
            XDATA   016BH     0057H     UNIT         ?XD?HYM8564_TEST?HYM8564
            XDATA   01C2H     0028H     UNIT         ?XD?PRINTF?PRINTF
            XDATA   01EAH     000BH     UNIT         ?XD?SENSOR_FP
            XDATA   01F5H     0008H     UNIT         ?XD?APPTIMER
            XDATA   01FDH     0007H     UNIT         ?XD?TIMESET?HYM8564
            XDATA   0204H     0007H     UNIT         ?XD?_EEPROM_READ_N?EEPROM
            XDATA   020BH     0007H     UNIT         ?XD?_EEPROM_WRITE_N?EEPROM
            XDATA   0212H     0006H     UNIT         ?XD?DATAMANAGE
            XDATA   0218H     0005H     UNIT         ?XD?_FINGERPRINT_CMD_SAVE_FINGER?SENSOR_FP
            XDATA   021DH     0005H     UNIT         ?XD?_FP_CMD_SAVE_FINGER?SENSOR_FP
            XDATA   0222H     0005H     UNIT         ?XD?_FINGERPRINT_CMD_LOAD_MODEL?SENSOR_FP
            XDATA   0227H     0005H     UNIT         ?XD?RELAY
            XDATA   022CH     0004H     UNIT         ?XD?_FP_USERMODELNEW_ADD?SENSOR_FP
            XDATA   0230H     0003H     UNIT         ?XD?_FINGERPRINT_CMD_DELETE_MODEL?SENSOR_FP
            XDATA   0233H     0003H     UNIT         ?XD?_FP_CMD_DELETE_MODEL?SENSOR_FP
            XDATA   0236H     0003H     UNIT         ?XD?_FRAME_CHECK?DATATRANS
            XDATA   0239H     0003H     UNIT         ?XD?_WIFI_SERVERUDP_CHG?WIFI_LPT220
            XDATA   023CH     0003H     UNIT         ?XD?_UART2_DATSSEND?USART
            XDATA   023FH     0002H     UNIT         ?XD?USRKIN
            XDATA   0241H     0002H     UNIT         ?XD?FINGERPRINT_CMD_GET_TEMPLETE_NUM?SENSOR_FP
            XDATA   0243H     0002H     UNIT         ?XD?_FINGERPRINT_RECEVICE_DATA?SENSOR_FP
            XDATA   0245H     0002H     UNIT         ?XD?_FP_IMAGECOLLECTION?SENSOR_FP
            XDATA   0247H     0002H     UNIT         ?XD?WIFI_LPT220
            XDATA   0249H     0001H     UNIT         ?XD?FINGERPRINT_CMD_GET_IMG?SENSOR_FP
            XDATA   024AH     0001H     UNIT         ?XD?FINGERPRINT_CMD_IMG_TO_BUFFER1?SENSOR_FP
BL51 BANKED LINKER/LOCATER V6.22                                                      04/24/2018  09:35:20  PAGE 3


            XDATA   024BH     0001H     UNIT         ?XD?FINGERPRINT_CMD_IMG_TO_BUFFER2?SENSOR_FP
            XDATA   024CH     0001H     UNIT         ?XD?FINGERPRINT_CMD_REG_MODEL?SENSOR_FP
            XDATA   024DH     0001H     UNIT         ?XD?FINGERPRINT_CMD_SEARCH_FINGER?SENSOR_FP
            XDATA   024EH     0001H     UNIT         ?XD?FINGERPRINT_CMD_SEARCH_FINGER_ADMIN?SENSOR_FP
            XDATA   024FH     0001H     UNIT         ?XD?FINGERPRINT_CMD_SEARCH_FINGER_0_100?SENSOR_FP
            XDATA   0250H     0001H     UNIT         ?XD?FINGERPRINT_CMD_DELETE_ALL_MODEL?SENSOR_FP
            XDATA   0251H     0001H     UNIT         ?XD?_WRITE_HYM8564_BYTE?HYM8564
            XDATA   0252H     0001H     UNIT         ?XD?DATATRANS

            * * * * * * *   C O D E   M E M O R Y   * * * * * * *
            CODE    0000H     0003H     ABSOLUTE     
            CODE    0003H     0007H     UNIT         ?PR?LED_DARKALL?TIPS
                    000AH     0001H                  *** GAP ***
            CODE    000BH     0003H     ABSOLUTE     
            CODE    000EH     000DH     UNIT         ?PR?WIFI_HWSMARTLINK?WIFI_LPT220
            CODE    001BH     0003H     ABSOLUTE     
            CODE    001EH     0004H     UNIT         ?PR?DELAY1US?HYM8564
                    0022H     0001H                  *** GAP ***
            CODE    0023H     0003H     ABSOLUTE     
            CODE    0026H     001DH     UNIT         ?PR?THREADMAIN_NECESSARY?USER_MAIN
            CODE    0043H     0003H     ABSOLUTE     
            CODE    0046H     001DH     UNIT         ?PR?IIC_HYM8564_STOP?HYM8564
            CODE    0063H     0003H     ABSOLUTE     
            CODE    0066H     05D2H     UNIT         ?C?LIB_CODE
            CODE    0638H     0377H     UNIT         ?PR?_USART_CONFIGURATION?USART
            CODE    09AFH     0365H     UNIT         ?PR?PRINTF?PRINTF
            CODE    0D14H     01C4H     UNIT         ?PR?_GPIO_INILIZE?GPIO
            CODE    0ED8H     01BFH     UNIT         ?PR?_FP_USERMODELNEW_ADD?SENSOR_FP
            CODE    1097H     019BH     UNIT         ?PR?_TIMER_INILIZE?TIMER
            CODE    1232H     0114H     UNIT         ?PR?HYM8564_TEST?HYM8564
            CODE    1346H     00F5H     UNIT         ?CO?WIFI_LPT220
            CODE    143BH     00F0H     UNIT         ?PR?TIMER0_ROUNTINE?APPTIMER
            CODE    152BH     00F0H     UNIT         ?PR?_WIFI_SERVERUDP_CHG?WIFI_LPT220
            CODE    161BH     00D4H     UNIT         ?PR?_MEMMEM?PARS_METHOD
            CODE    16EFH     00C4H     UNIT         ?PR?_CMDAT_VALIDATION?WIFI_LPT220
            CODE    17B3H     00BDH     UNIT         ?PR?_FINGERPRINT_CMD_SAVE_FINGER?SENSOR_FP
            CODE    1870H     00BDH     UNIT         ?PR?_FINGERPRINT_CMD_LOAD_MODEL?SENSOR_FP
            CODE    192DH     00BBH     UNIT         ?PR?_WIFI_ENTM_OUT?WIFI_LPT220
            CODE    19E8H     00B6H     UNIT         ?PR?_FP_CMD_SAVE_FINGER?SENSOR_FP
            CODE    1A9EH     00B0H     UNIT         ?PR?FP_DETECTING?SENSOR_FP
            CODE    1B4EH     009DH     UNIT         ?CO?HYM8564
            CODE    1BEBH     008CH     UNIT         ?PR?_FINGERPRINT_CMD_DELETE_MODEL?SENSOR_FP
            CODE    1C77H     008CH     UNIT         ?C_C51STARTUP
            CODE    1D03H     0085H     UNIT         ?PR?_FP_CMD_DELETE_MODEL?SENSOR_FP
            CODE    1D88H     007FH     UNIT         ?PR?UART1_ROUNTINE?DATATRANS
            CODE    1E07H     007BH     UNIT         ?C_INITSEG
            CODE    1E82H     006FH     UNIT         ?PR?FINGERPRINT_CMD_GET_TEMPLETE_NUM?SENSOR_FP
            CODE    1EF1H     0069H     UNIT         ?PR?TIMESET?HYM8564
            CODE    1F5AH     0065H     UNIT         ?PR?TIMER1_ROUNTINE?APPTIMER
            CODE    1FBFH     0065H     UNIT         ?PR?TIMER2_ROUNTINE?APPTIMER
            CODE    2024H     0065H     UNIT         ?PR?THREAD_DATATRANS?DATATRANS
            CODE    2089H     0064H     UNIT         ?PR?_USRKEYSCAN?USRKIN
            CODE    20EDH     0060H     UNIT         ?CO?DATATRANS
            CODE    214DH     0059H     UNIT         ?PR?_LED_ACT?TIPS
            CODE    21A6H     0059H     UNIT         ?PR?CMDPACKAT_VALIDATION?WIFI_LPT220
            CODE    21FFH     0056H     UNIT         ?PR?WIFI_CONFIGINIT?WIFI_LPT220
            CODE    2255H     0052H     UNIT         ?PR?UART2_ROUNTINE?USART
BL51 BANKED LINKER/LOCATER V6.22                                                      04/24/2018  09:35:20  PAGE 4


            CODE    22A7H     0050H     UNIT         ?PR?_RELAY_ACT?RELAY
            CODE    22F7H     004EH     UNIT         ?PR?MAIN?USER_MAIN
            CODE    2345H     004DH     UNIT         ?CO?SENSOR_FP
            CODE    2392H     004DH     UNIT         ?PR?UARTOBJFP_INIT?DATATRANS
            CODE    23DFH     004AH     UNIT         ?PR?UARTOBJWIFI_INIT?DATATRANS
            CODE    2429H     0049H     UNIT         ?PR?DCODESCAN_ONESHOOT?USRKIN
            CODE    2472H     0049H     UNIT         ?PR?WIFI_WMODE_CHG?WIFI_LPT220
            CODE    24BBH     0042H     UNIT         ?CO?USER_MAIN
            CODE    24FDH     0041H     UNIT         ?PR?FINGERPRINT_CMD_GET_IMG?SENSOR_FP
            CODE    253EH     0041H     UNIT         ?PR?FINGERPRINT_CMD_IMG_TO_BUFFER1?SENSOR_FP
            CODE    257FH     0041H     UNIT         ?PR?FINGERPRINT_CMD_IMG_TO_BUFFER2?SENSOR_FP
            CODE    25C0H     0041H     UNIT         ?PR?FINGERPRINT_CMD_REG_MODEL?SENSOR_FP
            CODE    2601H     0041H     UNIT         ?PR?FINGERPRINT_CMD_SEARCH_FINGER?SENSOR_FP
            CODE    2642H     0041H     UNIT         ?PR?FINGERPRINT_CMD_SEARCH_FINGER_ADMIN?SENSOR_FP
            CODE    2683H     0041H     UNIT         ?PR?FINGERPRINT_CMD_SEARCH_FINGER_0_100?SENSOR_FP
            CODE    26C4H     0041H     UNIT         ?PR?FINGERPRINT_CMD_DELETE_ALL_MODEL?SENSOR_FP
            CODE    2705H     003FH     UNIT         ?PR?_IIC_HYM8564_SENDBYTE?HYM8564
            CODE    2744H     003FH     UNIT         ?PR?_EEPROM_READ_N?EEPROM
            CODE    2783H     003FH     UNIT         ?PR?_EEPROM_WRITE_N?EEPROM
            CODE    27C2H     0034H     UNIT         ?PR?IIC_HYM8564_READBYTE?HYM8564
            CODE    27F6H     0033H     UNIT         ?PR?IIC_HYM8564_RECVACK?HYM8564
            CODE    2829H     0030H     UNIT         ?PR?DCODESCAN?USRKIN
            CODE    2859H     002EH     UNIT         ?PR?_READ_HYM8564_BYTE?HYM8564
            CODE    2887H     002EH     UNIT         ?PR?_FRAME_CHECK?DATATRANS
            CODE    28B5H     002DH     UNIT         ?PR?_UART1_DATSSEND?USART
            CODE    28E2H     002DH     UNIT         ?PR?_UART2_DATSSEND?USART
            CODE    290FH     002BH     UNIT         ?PR?_TXSEND?SOFT_UART
            CODE    293AH     002AH     UNIT         ?PR?_LOGDATS?SOFT_UART
            CODE    2964H     0028H     UNIT         ?PR?_TX2_WRITE2BUFF?USART
            CODE    298CH     0027H     UNIT         ?PR?_FP_IMAGECOLLECTION?SENSOR_FP
            CODE    29B3H     0027H     UNIT         ?PR?_WRITE_HYM8564_BYTE?HYM8564
            CODE    29DAH     0027H     UNIT         ?PR?_TX1_WRITE2BUFF?USART
            CODE    2A01H     0027H     UNIT         ?PR?PUTCHAR?PUTCHAR
            CODE    2A28H     0026H     UNIT         ?PR?APPTIMER0_INIT?APPTIMER
            CODE    2A4EH     0026H     UNIT         ?PR?LEDTIPS_INIT?TIPS
            CODE    2A74H     0026H     UNIT         ?PR?_FINGERPRINT_RECEVICE_DATA?SENSOR_FP
            CODE    2A9AH     0026H     UNIT         ?PR?_DELAYXUS?HYM8564
            CODE    2AC0H     0020H     UNIT         ?PR?_EEPROM_SECTORERASE?EEPROM
            CODE    2AE0H     001FH     UNIT         ?PR?IIC_HYM8564_START?HYM8564
            CODE    2AFFH     001CH     UNIT         ?PR?_FP_CMD_LOAD_MODEL?SENSOR_FP
            CODE    2B1BH     001BH     UNIT         ?PR?BSP_INIT?USER_MAIN
            CODE    2B36H     0015H     UNIT         ?PR?CONFIG_INIT?USER_MAIN
            CODE    2B4BH     0015H     UNIT         ?PR?RXBUFF_WIFI_CLR?DATATRANS
            CODE    2B60H     0015H     UNIT         ?PR?_DELAYMS?DELAY
            CODE    2B75H     0015H     UNIT         ?PR?_STRLEN?STRLEN
            CODE    2B8AH     0013H     UNIT         ?PR?MAC_ID_RELAES?DATAMANAGE
            CODE    2B9DH     0013H     UNIT         ?PR?_DTOBCD?HYM8564
            CODE    2BB0H     0013H     UNIT         ?PR?_PRINTSTRING1?USART
            CODE    2BC3H     0013H     UNIT         ?PR?_PRINTSTRING2?USART
            CODE    2BD6H     0010H     UNIT         ?PR?_DELAY_MS?DELAY
            CODE    2BE6H     0010H     UNIT         ?PR?_LOGSTRING?SOFT_UART
            CODE    2BF6H     000FH     UNIT         ?PR?_BCDTOD?HYM8564
            CODE    2C05H     000EH     UNIT         ?PR?DISABLEEEPROM?EEPROM
            CODE    2C13H     000EH     UNIT         ?PR?BITTIME?SOFT_UART
            CODE    2C21H     000DH     UNIT         ?PR?WIFI_HWRESTOREFACTORY?WIFI_LPT220
            CODE    2C2EH     000DH     UNIT         ?PR?WIFI_HWKEYLOOP?WIFI_LPT220
            CODE    2C3BH     000BH     UNIT         ?PR?UART_FP_BYTERCV?USART
BL51 BANKED LINKER/LOCATER V6.22                                                      04/24/2018  09:35:20  PAGE 5


            CODE    2C46H     0007H     UNIT         ?PR?FUNKEYCB_SHORT?USRKIN
            CODE    2C4DH     0007H     UNIT         ?PR?FUNKEYCB_LONG?USRKIN
            CODE    2C54H     0006H     UNIT         ?PR?RELAY_INIT?RELAY
            CODE    2C5AH     0006H     UNIT         ?PR?WIFI_PININIT?WIFI_LPT220
            CODE    2C60H     0003H     UNIT         ?PR?USRKEYSCAN_ONESHOOT?USRKIN
            CODE    2C63H     0003H     UNIT         ?CO?USRKIN
            CODE    2C66H     0003H     UNIT         ?PR?_UARTOBJWIFI_SEND_BYTE?DATATRANS
            CODE    2C69H     0003H     UNIT         ?PR?_UARTOBJFP_SEND_BYTE?DATATRANS
            CODE    2C6CH     0003H     UNIT         ?PR?_UARTOBJWIFI_SEND_STRING?DATATRANS
            CODE    2C6FH     0003H     UNIT         ?PR?_UARTOBJFP_SEND_STRING?DATATRANS



OVERLAY MAP OF MODULE:   .\Output\file_download (USER_MAIN)


SEGMENT                                            XDATA_GROUP
  +--> CALLED SEGMENT                            START    LENGTH
----------------------------------------------------------------
?PR?TIMER0_ROUNTINE?APPTIMER                     -----    -----
  +--> ?PR?LED_DARKALL?TIPS
  +--> ?PR?_LED_ACT?TIPS

*** NEW ROOT ***************************************************

?PR?TIMER1_ROUNTINE?APPTIMER                     -----    -----
  +--> ?PR?_LED_ACT?TIPS

*** NEW ROOT ***************************************************

?PR?TIMER2_ROUNTINE?APPTIMER                     -----    -----
  +--> ?PR?_LED_ACT?TIPS

*** NEW ROOT ***************************************************

?C_C51STARTUP                                    -----    -----
  +--> ?PR?MAIN?USER_MAIN
  +--> ?C_INITSEG

?PR?MAIN?USER_MAIN                               0110H    0030H
  +--> ?CO?USER_MAIN
  +--> ?PR?BSP_INIT?USER_MAIN
  +--> ?PR?CONFIG_INIT?USER_MAIN
  +--> ?PR?_LOGSTRING?SOFT_UART
  +--> ?PR?THREAD_DATATRANS?DATATRANS
  +--> ?PR?THREADMAIN_NECESSARY?USER_MAIN
  +--> ?PR?_DELAYMS?DELAY

?PR?BSP_INIT?USER_MAIN                           -----    -----
  +--> ?PR?LEDTIPS_INIT?TIPS
  +--> ?PR?RELAY_INIT?RELAY
  +--> ?PR?APPTIMER0_INIT?APPTIMER
  +--> ?PR?WIFI_PININIT?WIFI_LPT220
  +--> ?PR?UARTOBJWIFI_INIT?DATATRANS
  +--> ?PR?UARTOBJFP_INIT?DATATRANS
  +--> ?PR?LED_DARKALL?TIPS

BL51 BANKED LINKER/LOCATER V6.22                                                      04/24/2018  09:35:20  PAGE 6


?PR?LEDTIPS_INIT?TIPS                            0140H    0002H
  +--> ?PR?_GPIO_INILIZE?GPIO

?PR?APPTIMER0_INIT?APPTIMER                      0140H    0008H
  +--> ?PR?_TIMER_INILIZE?TIMER

?PR?UARTOBJWIFI_INIT?DATATRANS                   0140H    000DH
  +--> ?PR?_USART_CONFIGURATION?USART
  +--> ?CO?DATATRANS
  +--> ?PR?_PRINTSTRING1?USART

?PR?_USART_CONFIGURATION?USART                   014DH    0009H

?PR?_PRINTSTRING1?USART                          -----    -----
  +--> ?PR?_TX1_WRITE2BUFF?USART

?PR?UARTOBJFP_INIT?DATATRANS                     0140H    000DH
  +--> ?PR?_USART_CONFIGURATION?USART
  +--> ?CO?DATATRANS
  +--> ?PR?_PRINTSTRING2?USART

?PR?_PRINTSTRING2?USART                          -----    -----
  +--> ?PR?_TX2_WRITE2BUFF?USART

?PR?CONFIG_INIT?USER_MAIN                        -----    -----
  +--> ?PR?DCODESCAN?USRKIN
  +--> ?PR?WIFI_CONFIGINIT?WIFI_LPT220

?PR?DCODESCAN?USRKIN                             -----    -----
  +--> ?PR?DCODESCAN_ONESHOOT?USRKIN

?PR?WIFI_CONFIGINIT?WIFI_LPT220                  -----    -----
  +--> ?PR?_WIFI_ENTM_OUT?WIFI_LPT220
  +--> ?PR?CMDPACKAT_VALIDATION?WIFI_LPT220
  +--> ?CO?WIFI_LPT220

?PR?_WIFI_ENTM_OUT?WIFI_LPT220                   0140H    0001H
  +--> ?PR?_UARTOBJWIFI_SEND_BYTE?DATATRANS
  +--> ?PR?_DELAYMS?DELAY
  +--> ?CO?WIFI_LPT220
  +--> ?PR?_MEMMEM?PARS_METHOD

?PR?_UARTOBJWIFI_SEND_BYTE?DATATRANS             -----    -----
  +--> ?PR?_TX1_WRITE2BUFF?USART

?PR?_DELAYMS?DELAY                               -----    -----
  +--> ?PR?_DELAY_MS?DELAY

?PR?_MEMMEM?PARS_METHOD                          015CH    000FH

?PR?CMDPACKAT_VALIDATION?WIFI_LPT220             0140H    000EH
  +--> ?CO?WIFI_LPT220
  +--> ?PR?_CMDAT_VALIDATION?WIFI_LPT220

?PR?_CMDAT_VALIDATION?WIFI_LPT220                014EH    000EH
  +--> ?PR?RXBUFF_WIFI_CLR?DATATRANS
  +--> ?PR?_STRLEN?STRLEN
BL51 BANKED LINKER/LOCATER V6.22                                                      04/24/2018  09:35:20  PAGE 7


  +--> ?PR?_UARTOBJWIFI_SEND_STRING?DATATRANS
  +--> ?PR?_DELAYMS?DELAY
  +--> ?PR?_MEMMEM?PARS_METHOD

?PR?_UARTOBJWIFI_SEND_STRING?DATATRANS           -----    -----
  +--> ?PR?_UART1_DATSSEND?USART

?PR?_UART1_DATSSEND?USART                        015CH    0003H
  +--> ?PR?_TX1_WRITE2BUFF?USART

?PR?_LOGSTRING?SOFT_UART                         -----    -----
  +--> ?PR?_TXSEND?SOFT_UART

?PR?_TXSEND?SOFT_UART                            -----    -----
  +--> ?PR?BITTIME?SOFT_UART

?PR?THREAD_DATATRANS?DATATRANS                   0140H    000DH
  +--> ?CO?DATATRANS
  +--> ?PR?_LOGDATS?SOFT_UART
  +--> ?PR?RXBUFF_WIFI_CLR?DATATRANS

?PR?_LOGDATS?SOFT_UART                           014DH    0002H
  +--> ?PR?_TXSEND?SOFT_UART

?PR?THREADMAIN_NECESSARY?USER_MAIN               -----    -----
  +--> ?PR?DCODESCAN?USRKIN
  +--> ?PR?WIFI_HWKEYLOOP?WIFI_LPT220
  +--> ?PR?FUNKEYCB_LONG?USRKIN
  +--> ?PR?WIFI_HWSMARTLINK?WIFI_LPT220
  +--> ?PR?_USRKEYSCAN?USRKIN

?PR?FUNKEYCB_LONG?USRKIN                         -----    -----
  +--> ?PR?_LED_ACT?TIPS

?PR?_USRKEYSCAN?USRKIN                           0140H    0006H
  +--> ?PR?USRKEYSCAN_ONESHOOT?USRKIN
  +--> ?CO?USRKIN



SYMBOL TABLE OF MODULE:  .\Output\file_download (USER_MAIN)

  VALUE           TYPE          NAME
  ----------------------------------

  -------         MODULE        USER_MAIN
  C:0000H         SYMBOL        _ICE_DUMMY_
  D:0080H         PUBLIC        P0
  D:0090H         PUBLIC        P1
  D:00A0H         PUBLIC        P2
  D:00B0H         PUBLIC        P3
  D:00C0H         PUBLIC        P4
  D:00C8H         PUBLIC        P5
  B:00A8H.7       PUBLIC        EA
  D:00A8H         PUBLIC        IE
  C:0026H         PUBLIC        threadMain_Necessary
  D:00B8H         PUBLIC        IP
BL51 BANKED LINKER/LOCATER V6.22                                                      04/24/2018  09:35:20  PAGE 8


  C:2B1BH         PUBLIC        Bsp_Init
  D:00D8H         PUBLIC        CCON
  C:22F7H         PUBLIC        main
  D:0098H         PUBLIC        SCON
  D:0088H         PUBLIC        TCON
  D:00F0H         PUBLIC        B
  D:008EH         PUBLIC        AUXR
  C:24D1H         SYMBOL        _?ix1000
  C:24F9H         SYMBOL        _?ix1001
  D:00E0H         PUBLIC        ACC
  C:2B36H         PUBLIC        Config_Init
  D:00D0H         PUBLIC        PSW
  -------         PROC          BSP_INIT
  C:2B1BH         LINE#         31
  C:2B1BH         LINE#         33
  C:2B1EH         LINE#         34
  C:2B21H         LINE#         35
  C:2B24H         LINE#         36
  C:2B27H         LINE#         37
  C:2B2AH         LINE#         38
  C:2B2DH         LINE#         40
  C:2B30H         LINE#         42
  C:2B33H         LINE#         43
  C:2B35H         LINE#         44
  -------         ENDPROC       BSP_INIT
  -------         PROC          CONFIG_INIT
  C:2B36H         LINE#         46
  C:2B36H         LINE#         48
  C:2B39H         LINE#         49
  C:2B3EH         LINE#         51
  C:2B44H         LINE#         52
  C:2B4AH         LINE#         53
  -------         ENDPROC       CONFIG_INIT
  -------         PROC          THREADMAIN_NECESSARY
  C:0026H         LINE#         55
  C:0026H         LINE#         57
  C:0029H         LINE#         58
  C:002CH         LINE#         59
  -------         ENDPROC       THREADMAIN_NECESSARY
  -------         PROC          MAIN
  -------         DO            
  X:0110H         SYMBOL        log_Period
  X:0112H         SYMBOL        log_Cnt
  X:0114H         SYMBOL        log_imfo
  X:013CH         SYMBOL        test_ip
  -------         ENDDO         
  C:22F7H         LINE#         62
  C:22F7H         LINE#         64
  C:22FFH         LINE#         65
  C:2304H         LINE#         66
  C:2316H         LINE#         67
  C:2329H         LINE#         69
  C:232CH         LINE#         70
  C:232FH         LINE#         72
  C:2336H         LINE#         74
  C:2336H         LINE#         88
  C:2339H         LINE#         90
BL51 BANKED LINKER/LOCATER V6.22                                                      04/24/2018  09:35:20  PAGE 9


  C:233CH         LINE#         91
  C:2343H         LINE#         92
  -------         ENDPROC       MAIN
  -------         ENDMOD        USER_MAIN

  -------         MODULE        DATAMANAGE
  C:0000H         SYMBOL        _ICE_DUMMY_
  C:2B8AH         PUBLIC        MAC_ID_Relaes
  X:0212H         PUBLIC        MAC_ID
  -------         PROC          MAC_ID_RELAES
  -------         DO            
  D:0006H         SYMBOL        id_ptr
  -------         ENDDO         
  C:2B8AH         LINE#         8
  C:2B8AH         LINE#         10
  C:2B8AH         LINE#         12
  -------         ENDPROC       MAC_ID_RELAES
  -------         ENDMOD        DATAMANAGE

  -------         MODULE        APPTIMER
  C:0000H         SYMBOL        _ICE_DUMMY_
  D:0080H         PUBLIC        P0
  D:0090H         PUBLIC        P1
  D:00A0H         PUBLIC        P2
  D:00B0H         PUBLIC        P3
  D:00C0H         PUBLIC        P4
  D:00C8H         PUBLIC        P5
  D:00A8H         PUBLIC        IE
  C:143BH         PUBLIC        timer0_Rountine
  C:1F5AH         PUBLIC        timer1_Rountine
  C:1FBFH         PUBLIC        timer2_Rountine
  D:00B8H         PUBLIC        IP
  D:00D8H         PUBLIC        CCON
  D:0098H         PUBLIC        SCON
  D:0088H         PUBLIC        TCON
  B:00B0H.3       PUBLIC        CON_RELAY
  D:00F0H         PUBLIC        B
  D:00E0H         PUBLIC        ACC
  C:2A28H         PUBLIC        appTimer0_Init
  D:00D0H         PUBLIC        PSW
  -------         PROC          APPTIMER0_INIT
  -------         DO            
  X:0140H         SYMBOL        val_timInit
  -------         ENDDO         
  C:2A28H         LINE#         26
  C:2A28H         LINE#         30
  C:2A2DH         LINE#         31
  C:2A2FH         LINE#         32
  C:2A32H         LINE#         33
  C:2A35H         LINE#         34
  C:2A38H         LINE#         35
  C:2A40H         LINE#         36
  C:2A44H         LINE#         38
  -------         ENDPROC       APPTIMER0_INIT
  -------         PROC          TIMER0_ROUNTINE
  -------         DO            
  X:01F5H         SYMBOL        timTips_Cnt
BL51 BANKED LINKER/LOCATER V6.22                                                      04/24/2018  09:35:20  PAGE 10


  D:0006H         SYMBOL        Period_Tips
  X:01F7H         SYMBOL        timRelay_Cnt
  -------         ENDDO         
  C:143BH         LINE#         42
  C:1458H         LINE#         45
  C:145CH         LINE#         51
  C:1477H         LINE#         52
  C:1477H         LINE#         54
  C:147EH         LINE#         56
  C:1488H         LINE#         58
  C:1488H         LINE#         60
  C:149AH         LINE#         62
  C:149AH         LINE#         64
  C:149CH         LINE#         65
  C:149EH         LINE#         67
  C:149EH         LINE#         68
  C:149EH         LINE#         70
  C:14A0H         LINE#         71
  C:14A2H         LINE#         73
  C:14A2H         LINE#         75
  C:14A6H         LINE#         76
  C:14A8H         LINE#         78
  C:14A8H         LINE#         80
  C:14ABH         LINE#         81
  C:14ADH         LINE#         82
  C:14ADH         LINE#         83
  C:14ADH         LINE#         85
  C:14ADH         LINE#         87
  C:14B2H         LINE#         89
  C:14B4H         LINE#         90
  C:14B6H         LINE#         92
  C:14BBH         LINE#         93
  C:14BBH         LINE#         94
  C:14BBH         LINE#         96
  C:14BBH         LINE#         97
  C:14BBH         LINE#         98
  C:14BBH         LINE#         102
  C:14C1H         LINE#         104
  C:14E2H         LINE#         105
  C:14E2H         LINE#         107
  C:14E9H         LINE#         108
  C:14EDH         LINE#         110
  C:14EFH         LINE#         111
  C:14EFH         LINE#         112
  C:14F1H         LINE#         114
  C:14F8H         LINE#         115
  C:14F8H         LINE#         119
  C:1510H         LINE#         120
  -------         ENDPROC       TIMER0_ROUNTINE
  -------         PROC          TIMER1_ROUNTINE
  -------         DO            
  X:01F9H         SYMBOL        tim_Cnt
  D:0006H         SYMBOL        Period_Tips
  -------         ENDDO         
  C:1F5AH         LINE#         123
  C:1F77H         LINE#         126
  C:1F7BH         LINE#         128
BL51 BANKED LINKER/LOCATER V6.22                                                      04/24/2018  09:35:20  PAGE 11


  C:1F96H         LINE#         129
  C:1F96H         LINE#         131
  C:1F9DH         LINE#         133
  C:1FA4H         LINE#         134
  C:1FA4H         LINE#         135
  -------         ENDPROC       TIMER1_ROUNTINE
  -------         PROC          TIMER2_ROUNTINE
  -------         DO            
  X:01FBH         SYMBOL        tim_Cnt
  D:0006H         SYMBOL        Period_Tips
  -------         ENDDO         
  C:1FBFH         LINE#         138
  C:1FDCH         LINE#         141
  C:1FE0H         LINE#         143
  C:1FFBH         LINE#         144
  C:1FFBH         LINE#         146
  C:2002H         LINE#         148
  C:2009H         LINE#         149
  C:2009H         LINE#         150
  -------         ENDPROC       TIMER2_ROUNTINE
  -------         ENDMOD        APPTIMER

  -------         MODULE        TIPS
  C:0000H         SYMBOL        _ICE_DUMMY_
  D:0080H         PUBLIC        P0
  D:0090H         PUBLIC        P1
  D:00A0H         PUBLIC        P2
  D:00B0H         PUBLIC        P3
  D:00C0H         PUBLIC        P4
  D:00C8H         PUBLIC        P5
  B:0090H.4       PUBLIC        LED_R
  D:00A8H         PUBLIC        IE
  D:00B8H         PUBLIC        IP
  D:00D8H         PUBLIC        CCON
  C:214DH         PUBLIC        _led_Act
  D:0098H         PUBLIC        SCON
  D:0088H         PUBLIC        TCON
  D:00F0H         PUBLIC        B
  D:00E0H         PUBLIC        ACC
  C:2A4EH         PUBLIC        ledTips_Init
  C:0003H         PUBLIC        led_darkAll
  B:00A0H.3       PUBLIC        LED_B
  D:00D0H         PUBLIC        PSW
  B:00A0H.1       PUBLIC        LED_G
  -------         PROC          LEDTIPS_INIT
  -------         DO            
  X:0140H         SYMBOL        GPIO_Tips
  -------         ENDDO         
  C:2A4EH         LINE#         4
  C:2A4EH         LINE#         8
  C:2A54H         LINE#         9
  C:2A58H         LINE#         10
  C:2A63H         LINE#         12
  C:2A69H         LINE#         13
  -------         ENDPROC       LEDTIPS_INIT
  -------         PROC          LED_DARKALL
  C:0003H         LINE#         16
BL51 BANKED LINKER/LOCATER V6.22                                                      04/24/2018  09:35:20  PAGE 12


  C:0003H         LINE#         18
  C:0009H         LINE#         19
  -------         ENDPROC       LED_DARKALL
  -------         PROC          _LED_ACT
  D:0007H         SYMBOL        color
  D:0005H         SYMBOL        method
  -------         DO            
  B:0021H.1       SYMBOL        ledStatus_R
  B:0021H.2       SYMBOL        ledStatus_G
  B:0021H.3       SYMBOL        ledStatus_B
  -------         ENDDO         
  C:214DH         LINE#         21
  C:214DH         LINE#         27
  C:2158H         LINE#         29
  C:2158H         LINE#         31
  C:215CH         LINE#         33
  C:2167H         LINE#         35
  C:2169H         LINE#         37
  C:216BH         LINE#         39
  C:216DH         LINE#         41
  C:216DH         LINE#         42
  C:2171H         LINE#         43
  C:2172H         LINE#         45
  C:2172H         LINE#         47
  C:2176H         LINE#         49
  C:2181H         LINE#         51
  C:2183H         LINE#         53
  C:2185H         LINE#         55
  C:2187H         LINE#         57
  C:2187H         LINE#         58
  C:218BH         LINE#         59
  C:218CH         LINE#         61
  C:218CH         LINE#         63
  C:2190H         LINE#         65
  C:219BH         LINE#         67
  C:219DH         LINE#         69
  C:219FH         LINE#         71
  C:21A1H         LINE#         73
  C:21A1H         LINE#         74
  C:21A5H         LINE#         75
  C:21A5H         LINE#         77
  C:21A5H         LINE#         78
  C:21A5H         LINE#         79
  -------         ENDPROC       _LED_ACT
  -------         ENDMOD        TIPS

  -------         MODULE        USRKIN
  C:0000H         SYMBOL        _ICE_DUMMY_
  D:0080H         PUBLIC        P0
  D:0090H         PUBLIC        P1
  D:00A0H         PUBLIC        P2
  D:00B0H         PUBLIC        P3
  D:00C0H         PUBLIC        P4
  D:00C8H         PUBLIC        P5
  D:00A8H         PUBLIC        IE
  B:00C8H.4       PUBLIC        Dcode0
  B:00A0H.7       PUBLIC        Dcode1
BL51 BANKED LINKER/LOCATER V6.22                                                      04/24/2018  09:35:20  PAGE 13


  B:0080H.3       PUBLIC        Dcode2
  B:00B0H.2       PUBLIC        Dcode3
  B:0080H.1       PUBLIC        Dcode4
  B:0080H.0       PUBLIC        Dcode5
  D:00B8H         PUBLIC        IP
  C:2429H         PUBLIC        DcodeScan_oneShoot
  I:000DH         PUBLIC        val_DcodeCfm
  D:00D8H         PUBLIC        CCON
  C:2089H         PUBLIC        _UsrKEYScan
  D:0098H         PUBLIC        SCON
  D:0088H         PUBLIC        TCON
  D:00F0H         PUBLIC        B
  D:00E0H         PUBLIC        ACC
  C:2C60H         PUBLIC        UsrKEYScan_oneShoot
  B:00A0H.4       PUBLIC        Usr_key
  C:2829H         PUBLIC        DcodeScan
  C:2C4DH         PUBLIC        funKeyCB_Long
  C:2C46H         PUBLIC        funKeyCB_Short
  D:00D0H         PUBLIC        PSW
  -------         PROC          DCODESCAN_ONESHOOT
  -------         DO            
  D:0007H         SYMBOL        val_Dcode
  -------         ENDDO         
  C:2429H         LINE#         14
  C:2429H         LINE#         16
  C:242BH         LINE#         18
  C:2431H         LINE#         19
  C:2435H         LINE#         21
  C:243EH         LINE#         22
  C:2441H         LINE#         24
  C:244AH         LINE#         25
  C:244DH         LINE#         27
  C:2456H         LINE#         28
  C:2459H         LINE#         30
  C:2462H         LINE#         31
  C:2465H         LINE#         33
  C:246EH         LINE#         34
  C:2471H         LINE#         36
  C:2471H         LINE#         37
  -------         ENDPROC       DCODESCAN_ONESHOOT
  -------         PROC          USRKEYSCAN_ONESHOOT
  C:2C60H         LINE#         39
  C:2C60H         LINE#         41
  C:2C62H         LINE#         42
  -------         ENDPROC       USRKEYSCAN_ONESHOOT
  -------         PROC          DCODESCAN
  -------         DO            
  X:023FH         SYMBOL        val_Dcode_Local
  D:0006H         SYMBOL        val_Dcode_differ
  -------         ENDDO         
  C:2829H         LINE#         44
  C:2829H         LINE#         47
  C:282BH         LINE#         49
  C:2832H         LINE#         51
  C:2839H         LINE#         53
  C:283BH         LINE#         54
  C:283DH         LINE#         56
BL51 BANKED LINKER/LOCATER V6.22                                                      04/24/2018  09:35:20  PAGE 14


  C:283DH         LINE#         58
  C:283DH         LINE#         61
  C:283DH         LINE#         62
  C:283DH         LINE#         64
  C:283DH         LINE#         66
  C:283DH         LINE#         69
  C:283DH         LINE#         70
  C:283DH         LINE#         72
  C:283DH         LINE#         74
  C:283DH         LINE#         77
  C:283DH         LINE#         78
  C:283DH         LINE#         80
  C:283DH         LINE#         82
  C:283DH         LINE#         85
  C:283DH         LINE#         86
  C:283DH         LINE#         88
  C:2858H         LINE#         89
  C:2858H         LINE#         90
  -------         ENDPROC       DCODESCAN
  -------         PROC          _USRKEYSCAN
  D:0001H         SYMBOL        funCB_Short
  X:0143H         SYMBOL        funCB_Long
  -------         DO            
  X:0240H         SYMBOL        key_comfirmCnt
  C:2C63H         SYMBOL        keyCfrmLoop_Short
  C:2C64H         SYMBOL        keyCfrmLoop_Long
  C:2C65H         SYMBOL        keyCfrmLoop_MAX
  -------         ENDDO         
  C:2089H         LINE#         92
  C:2089H         LINE#         100
  C:208EH         LINE#         102
  C:209EH         LINE#         104
  C:209FH         LINE#         106
  C:20AEH         LINE#         107
  C:20AEH         LINE#         109
  C:20C1H         LINE#         110
  C:20E7H         LINE#         111
  C:20E7H         LINE#         113
  C:20ECH         LINE#         114
  C:20ECH         LINE#         115
  -------         ENDPROC       _USRKEYSCAN
  -------         PROC          FUNKEYCB_SHORT
  C:2C46H         LINE#         117
  C:2C46H         LINE#         119
  -------         ENDPROC       FUNKEYCB_SHORT
  -------         PROC          FUNKEYCB_LONG
  C:2C4DH         LINE#         122
  C:2C4DH         LINE#         124
  -------         ENDPROC       FUNKEYCB_LONG
  -------         ENDMOD        USRKIN

  -------         MODULE        SENSOR_FP
  C:0000H         SYMBOL        _ICE_DUMMY_
  D:0080H         PUBLIC        P0
  D:0090H         PUBLIC        P1
  D:00A0H         PUBLIC        P2
  D:00B0H         PUBLIC        P3
BL51 BANKED LINKER/LOCATER V6.22                                                      04/24/2018  09:35:20  PAGE 15


  D:00C0H         PUBLIC        P4
  D:00C8H         PUBLIC        P5
  C:2642H         PUBLIC        FINGERPRINT_Cmd_Search_Finger_Admin
  D:00A8H         PUBLIC        IE
  C:298CH         PUBLIC        _FP_imageCollection
  C:1A9EH         PUBLIC        FP_Detecting
  I:0022H         PUBLIC        FINGERPRINT_RECEVICE_BUFFER
  C:234BH         PUBLIC        FP_Get_Img
  C:1D03H         PUBLIC        _FP_Cmd_Delete_Model
  C:25C0H         PUBLIC        FINGERPRINT_Cmd_Reg_Model
  X:01F3H         PUBLIC        umNew_AddStep
  D:00B8H         PUBLIC        IP
  I:003AH         PUBLIC        FP_Delete_Model
  D:00D8H         PUBLIC        CCON
  C:2351H         PUBLIC        FP_Img_To_Buffer1
  C:2358H         PUBLIC        FP_Img_To_Buffer2
  D:0098H         PUBLIC        SCON
  D:0088H         PUBLIC        TCON
  C:2A74H         PUBLIC        _FINGERPRINT_Recevice_Data
  C:2386H         PUBLIC        FP_Delet_All_Model
  C:19E8H         PUBLIC        _FP_Cmd_Save_Finger
  C:2601H         PUBLIC        FINGERPRINT_Cmd_Search_Finger
  C:2683H         PUBLIC        FINGERPRINT_Cmd_Search_Finger_0_100
  D:00F0H         PUBLIC        B
  C:2AFFH         PUBLIC        _FP_Cmd_Load_Model
  C:0ED8H         PUBLIC        _FP_userModelNew_Add
  C:24FDH         PUBLIC        FINGERPRINT_Cmd_Get_Img
  I:0044H         PUBLIC        FP_Save_Finger
  D:00E0H         PUBLIC        ACC
  X:01F4H         PUBLIC        process_FPworkMode
  C:26C4H         PUBLIC        FINGERPRINT_Cmd_Delete_All_Model
  C:2345H         PUBLIC        FP_Pack_Head
  I:004DH         PUBLIC        FP_Load_Model
  C:238CH         PUBLIC        FP_Templete_Num
  C:1BEBH         PUBLIC        _FINGERPRINT_Cmd_Delete_Model
  C:2365H         PUBLIC        FP_Search
  C:237BH         PUBLIC        FP_Search_0_100
  C:253EH         PUBLIC        FINGERPRINT_Cmd_Img_To_Buffer1
  C:257FH         PUBLIC        FINGERPRINT_Cmd_Img_To_Buffer2
  B:0021H.4       PUBLIC        FPvalidation_flg
  C:235FH         PUBLIC        FP_Reg_Model
  C:17B3H         PUBLIC        _FINGERPRINT_Cmd_Save_Finger
  C:2370H         PUBLIC        FP_Search_0_9
  C:1870H         PUBLIC        _FINGERPRINT_Cmd_Load_Model
  D:00D0H         PUBLIC        PSW
  C:1E82H         PUBLIC        FINGERPRINT_Cmd_Get_Templete_Num
  -------         PROC          FINGERPRINT_CMD_GET_IMG
  -------         DO            
  X:0249H         SYMBOL        i
  -------         ENDDO         
  C:24FDH         LINE#         39
  C:24FDH         LINE#         40
  C:24FDH         LINE#         43
  C:250CH         LINE#         44
  C:251DH         LINE#         46
  C:252CH         LINE#         47
  C:253DH         LINE#         48
BL51 BANKED LINKER/LOCATER V6.22                                                      04/24/2018  09:35:20  PAGE 16


  -------         ENDPROC       FINGERPRINT_CMD_GET_IMG
  -------         PROC          FINGERPRINT_CMD_IMG_TO_BUFFER1
  -------         DO            
  X:024AH         SYMBOL        i
  -------         ENDDO         
  C:253EH         LINE#         51
  C:253EH         LINE#         52
  C:253EH         LINE#         55
  C:254DH         LINE#         56
  C:254DH         LINE#         57
  C:2556H         LINE#         58
  C:255EH         LINE#         60
  C:256DH         LINE#         61
  C:256DH         LINE#         62
  C:2576H         LINE#         63
  C:257EH         LINE#         64
  -------         ENDPROC       FINGERPRINT_CMD_IMG_TO_BUFFER1
  -------         PROC          FINGERPRINT_CMD_IMG_TO_BUFFER2
  -------         DO            
  X:024BH         SYMBOL        i
  -------         ENDDO         
  C:257FH         LINE#         67
  C:257FH         LINE#         68
  C:257FH         LINE#         70
  C:258EH         LINE#         71
  C:258EH         LINE#         72
  C:2597H         LINE#         73
  C:259FH         LINE#         75
  C:25AEH         LINE#         76
  C:25AEH         LINE#         77
  C:25B7H         LINE#         78
  C:25BFH         LINE#         79
  -------         ENDPROC       FINGERPRINT_CMD_IMG_TO_BUFFER2
  -------         PROC          FINGERPRINT_CMD_REG_MODEL
  -------         DO            
  X:024CH         SYMBOL        i
  -------         ENDDO         
  C:25C0H         LINE#         82
  C:25C0H         LINE#         83
  C:25C0H         LINE#         86
  C:25CFH         LINE#         87
  C:25CFH         LINE#         88
  C:25D8H         LINE#         89
  C:25E0H         LINE#         91
  C:25EFH         LINE#         92
  C:25EFH         LINE#         93
  C:25F8H         LINE#         94
  C:2600H         LINE#         96
  -------         ENDPROC       FINGERPRINT_CMD_REG_MODEL
  -------         PROC          FINGERPRINT_CMD_SEARCH_FINGER
  -------         DO            
  X:024DH         SYMBOL        i
  -------         ENDDO         
  C:2601H         LINE#         99
  C:2601H         LINE#         100
  C:2601H         LINE#         102
  C:2610H         LINE#         103
BL51 BANKED LINKER/LOCATER V6.22                                                      04/24/2018  09:35:20  PAGE 17


  C:2610H         LINE#         104
  C:2619H         LINE#         105
  C:2621H         LINE#         107
  C:2630H         LINE#         108
  C:2630H         LINE#         109
  C:2639H         LINE#         110
  C:2641H         LINE#         113
  -------         ENDPROC       FINGERPRINT_CMD_SEARCH_FINGER
  -------         PROC          FINGERPRINT_CMD_SEARCH_FINGER_ADMIN
  -------         DO            
  X:024EH         SYMBOL        i
  -------         ENDDO         
  C:2642H         LINE#         117
  C:2642H         LINE#         118
  C:2642H         LINE#         120
  C:2651H         LINE#         121
  C:2651H         LINE#         122
  C:265AH         LINE#         123
  C:2662H         LINE#         125
  C:2671H         LINE#         126
  C:2671H         LINE#         127
  C:267AH         LINE#         128
  C:2682H         LINE#         131
  -------         ENDPROC       FINGERPRINT_CMD_SEARCH_FINGER_ADMIN
  -------         PROC          FINGERPRINT_CMD_SEARCH_FINGER_0_100
  -------         DO            
  X:024FH         SYMBOL        i
  -------         ENDDO         
  C:2683H         LINE#         135
  C:2683H         LINE#         136
  C:2683H         LINE#         138
  C:2692H         LINE#         139
  C:2692H         LINE#         140
  C:269BH         LINE#         141
  C:26A3H         LINE#         143
  C:26B2H         LINE#         144
  C:26B2H         LINE#         145
  C:26BBH         LINE#         146
  C:26C3H         LINE#         149
  -------         ENDPROC       FINGERPRINT_CMD_SEARCH_FINGER_0_100
  -------         PROC          FINGERPRINT_CMD_DELETE_ALL_MODEL
  -------         DO            
  X:0250H         SYMBOL        i
  -------         ENDDO         
  C:26C4H         LINE#         152
  C:26C4H         LINE#         153
  C:26C4H         LINE#         156
  C:26D3H         LINE#         157
  C:26E4H         LINE#         159
  C:26F3H         LINE#         160
  C:2704H         LINE#         161
  -------         ENDPROC       FINGERPRINT_CMD_DELETE_ALL_MODEL
  -------         PROC          _FINGERPRINT_CMD_DELETE_MODEL
  D:0004H         SYMBOL        uiID_temp
  -------         DO            
  X:0230H         SYMBOL        uiSum_temp
  X:0232H         SYMBOL        i
BL51 BANKED LINKER/LOCATER V6.22                                                      04/24/2018  09:35:20  PAGE 18


  -------         ENDDO         
  C:1BEBH         LINE#         166
  C:1BEFH         LINE#         167
  C:1BEFH         LINE#         168
  C:1BF6H         LINE#         171
  C:1BFAH         LINE#         172
  C:1BFDH         LINE#         174
  C:1C0CH         LINE#         175
  C:1C27H         LINE#         179
  C:1C2EH         LINE#         180
  C:1C36H         LINE#         183
  C:1C45H         LINE#         184
  C:1C56H         LINE#         186
  C:1C65H         LINE#         187
  C:1C76H         LINE#         188
  -------         ENDPROC       _FINGERPRINT_CMD_DELETE_MODEL
  -------         PROC          _FP_CMD_DELETE_MODEL
  D:0007H         SYMBOL        n
  -------         DO            
  X:0233H         SYMBOL        uiSum_temp
  X:0235H         SYMBOL        i
  -------         ENDDO         
  C:1D03H         LINE#         191
  C:1D03H         LINE#         192
  C:1D03H         LINE#         193
  C:1D0AH         LINE#         197
  C:1D0EH         LINE#         199
  C:1D1DH         LINE#         200
  C:1D38H         LINE#         204
  C:1D3FH         LINE#         205
  C:1D47H         LINE#         208
  C:1D56H         LINE#         209
  C:1D67H         LINE#         211
  C:1D76H         LINE#         212
  C:1D87H         LINE#         213
  -------         ENDPROC       _FP_CMD_DELETE_MODEL
  -------         PROC          FINGERPRINT_CMD_GET_TEMPLETE_NUM
  -------         DO            
  X:0241H         SYMBOL        i
  -------         ENDDO         
  C:1E82H         LINE#         217
  C:1E82H         LINE#         218
  C:1E82H         LINE#         221
  C:1E99H         LINE#         222
  C:1EB9H         LINE#         225
  C:1ED0H         LINE#         226
  C:1EF0H         LINE#         229
  -------         ENDPROC       FINGERPRINT_CMD_GET_TEMPLETE_NUM
  -------         PROC          _FINGERPRINT_RECEVICE_DATA
  X:0243H         SYMBOL        ucLength
  -------         DO            
  X:0244H         SYMBOL        loop
  -------         ENDDO         
  C:2A74H         LINE#         232
  C:2A79H         LINE#         234
  C:2A7CH         LINE#         236
  C:2A88H         LINE#         238
BL51 BANKED LINKER/LOCATER V6.22                                                      04/24/2018  09:35:20  PAGE 19


  C:2A94H         LINE#         239
  C:2A99H         LINE#         240
  -------         ENDPROC       _FINGERPRINT_RECEVICE_DATA
  -------         PROC          _FINGERPRINT_CMD_SAVE_FINGER
  D:0002H         SYMBOL        ucH_Char
  D:0003H         SYMBOL        ucL_Char
  -------         DO            
  X:0218H         SYMBOL        temp
  X:021CH         SYMBOL        i
  -------         ENDDO         
  C:17B3H         LINE#         244
  C:17B7H         LINE#         245
  C:17B7H         LINE#         246
  C:17C1H         LINE#         251
  C:17C7H         LINE#         252
  C:17CCH         LINE#         254
  C:17D1H         LINE#         255
  C:180AH         LINE#         257
  C:1820H         LINE#         258
  C:1832H         LINE#         260
  C:183EH         LINE#         261
  C:184FH         LINE#         263
  C:185EH         LINE#         264
  C:186FH         LINE#         265
  -------         ENDPROC       _FINGERPRINT_CMD_SAVE_FINGER
  -------         PROC          _FP_CMD_SAVE_FINGER
  D:0003H         SYMBOL        n
  -------         DO            
  X:021DH         SYMBOL        temp
  X:0221H         SYMBOL        i
  -------         ENDDO         
  C:19E8H         LINE#         267
  C:19EAH         LINE#         268
  C:19EAH         LINE#         269
  C:19F4H         LINE#         275
  C:19FAH         LINE#         277
  C:19FFH         LINE#         278
  C:1A38H         LINE#         280
  C:1A4EH         LINE#         281
  C:1A60H         LINE#         283
  C:1A6CH         LINE#         284
  C:1A7DH         LINE#         286
  C:1A8CH         LINE#         287
  C:1A9DH         LINE#         288
  -------         ENDPROC       _FP_CMD_SAVE_FINGER
  -------         PROC          _FINGERPRINT_CMD_LOAD_MODEL
  D:0002H         SYMBOL        ucH_Char
  D:0003H         SYMBOL        ucL_Char
  -------         DO            
  X:0222H         SYMBOL        temp
  X:0226H         SYMBOL        i
  -------         ENDDO         
  C:1870H         LINE#         292
  C:1874H         LINE#         293
  C:1874H         LINE#         294
  C:187EH         LINE#         299
  C:1884H         LINE#         300
BL51 BANKED LINKER/LOCATER V6.22                                                      04/24/2018  09:35:20  PAGE 20


  C:1889H         LINE#         302
  C:188EH         LINE#         303
  C:18C7H         LINE#         305
  C:18DDH         LINE#         306
  C:18EFH         LINE#         308
  C:18FBH         LINE#         309
  C:190CH         LINE#         311
  C:191BH         LINE#         312
  C:192CH         LINE#         313
  -------         ENDPROC       _FINGERPRINT_CMD_LOAD_MODEL
  -------         PROC          _FP_CMD_LOAD_MODEL
  D:0007H         SYMBOL        ucH_Char
  D:0005H         SYMBOL        ucL_Char
  C:2AFFH         LINE#         315
  C:2AFFH         LINE#         316
  C:2AFFH         LINE#         317
  C:2B02H         LINE#         318
  C:2B07H         LINE#         319
  C:2B0CH         LINE#         320
  C:2B0FH         LINE#         321
  C:2B15H         LINE#         322
  C:2B18H         LINE#         324
  C:2B1AH         LINE#         325
  -------         ENDPROC       _FP_CMD_LOAD_MODEL
  -------         PROC          _FP_IMAGECOLLECTION
  D:0007H         SYMBOL        rp_time
  -------         DO            
  X:0245H         SYMBOL        cmdRepeat_time
  X:0246H         SYMBOL        cmdRepeat_cnt
  -------         ENDDO         
  C:298CH         LINE#         327
  C:298CH         LINE#         329
  C:2991H         LINE#         330
  C:2994H         LINE#         332
  C:2994H         LINE#         334
  C:2997H         LINE#         335
  C:299CH         LINE#         336
  C:29A2H         LINE#         337
  C:29B2H         LINE#         339
  -------         ENDPROC       _FP_IMAGECOLLECTION
  -------         PROC          _FP_USERMODELNEW_ADD
  X:022CH         SYMBOL        ucH_user
  X:022DH         SYMBOL        ucL_user
  -------         DO            
  X:01EAH         SYMBOL        Pointer
  X:022EH         SYMBOL        cmdRepeat_time
  X:022FH         SYMBOL        cmdRepeat_cnt
  X:01EDH         SYMBOL        umNew_AddStep_Local
  -------         ENDDO         
  C:0ED8H         LINE#         342
  C:0EE0H         LINE#         346
  C:0EE4H         LINE#         347
  C:0EE7H         LINE#         351
  C:0EF7H         LINE#         353
  C:0F15H         LINE#         355
  C:0F15H         LINE#         357
  C:0F1AH         LINE#         358
BL51 BANKED LINKER/LOCATER V6.22                                                      04/24/2018  09:35:20  PAGE 21


  C:0F2AH         LINE#         360
  C:0F2FH         LINE#         362
  C:0F32H         LINE#         363
  C:0F37H         LINE#         364
  C:0F47H         LINE#         366
  C:0F4CH         LINE#         368
  C:0F52H         LINE#         369
  C:0F52H         LINE#         370
  C:0F52H         LINE#         372
  C:0F5DH         LINE#         374
  C:0F62H         LINE#         375
  C:0F72H         LINE#         377
  C:0F7CH         LINE#         379
  C:0F82H         LINE#         380
  C:0F82H         LINE#         381
  C:0F82H         LINE#         382
  C:0F83H         LINE#         384
  C:0F83H         LINE#         386
  C:0F88H         LINE#         387
  C:0F98H         LINE#         389
  C:0F9DH         LINE#         391
  C:0FA0H         LINE#         392
  C:0FA5H         LINE#         393
  C:0FB5H         LINE#         395
  C:0FBAH         LINE#         397
  C:0FBDH         LINE#         398
  C:0FC2H         LINE#         399
  C:0FD2H         LINE#         401
  C:0FD7H         LINE#         403
  C:0FDDH         LINE#         404
  C:0FDDH         LINE#         405
  C:0FDDH         LINE#         406
  C:0FDDH         LINE#         408
  C:0FE8H         LINE#         410
  C:0FEDH         LINE#         411
  C:0FFDH         LINE#         413
  C:1007H         LINE#         415
  C:100DH         LINE#         416
  C:100DH         LINE#         417
  C:100DH         LINE#         418
  C:100EH         LINE#         420
  C:100EH         LINE#         422
  C:1019H         LINE#         424
  C:101EH         LINE#         425
  C:102EH         LINE#         427
  C:1033H         LINE#         429
  C:1039H         LINE#         430
  C:1039H         LINE#         431
  C:103AH         LINE#         433
  C:103AH         LINE#         435
  C:103FH         LINE#         436
  C:104FH         LINE#         438
  C:1054H         LINE#         440
  C:105EH         LINE#         441
  C:1063H         LINE#         443
  C:1068H         LINE#         445
  C:106EH         LINE#         446
BL51 BANKED LINKER/LOCATER V6.22                                                      04/24/2018  09:35:20  PAGE 22


  C:106EH         LINE#         447
  C:106EH         LINE#         449
  C:1075H         LINE#         451
  C:107AH         LINE#         452
  C:108AH         LINE#         454
  C:1090H         LINE#         456
  C:1096H         LINE#         457
  C:1096H         LINE#         458
  C:1096H         LINE#         459
  C:1096H         LINE#         461
  C:1096H         LINE#         462
  C:1096H         LINE#         465
  -------         ENDPROC       _FP_USERMODELNEW_ADD
  -------         PROC          FP_DETECTING
  -------         DO            
  X:01EEH         SYMBOL        Pointer
  X:01F1H         SYMBOL        um_dttStep_Local
  X:01F2H         SYMBOL        FP_ID
  -------         ENDDO         
  C:1A9EH         LINE#         468
  C:1A9EH         LINE#         478
  C:1AAFH         LINE#         480
  C:1AB5H         LINE#         482
  C:1ABDH         LINE#         484
  C:1AC2H         LINE#         485
  C:1AD2H         LINE#         487
  C:1AD7H         LINE#         489
  C:1ADAH         LINE#         490
  C:1ADFH         LINE#         491
  C:1AEFH         LINE#         493
  C:1AF4H         LINE#         495
  C:1AF7H         LINE#         496
  C:1AFCH         LINE#         497
  C:1B0CH         LINE#         499
  C:1B11H         LINE#         501
  C:1B17H         LINE#         503
  C:1B1CH         LINE#         504
  C:1B1CH         LINE#         505
  C:1B1CH         LINE#         506
  C:1B1CH         LINE#         507
  C:1B1CH         LINE#         509
  C:1B24H         LINE#         511
  C:1B29H         LINE#         512
  C:1B39H         LINE#         514
  C:1B3FH         LINE#         516
  C:1B45H         LINE#         517
  C:1B47H         LINE#         519
  C:1B4BH         LINE#         520
  C:1B4BH         LINE#         521
  C:1B4BH         LINE#         523
  C:1B4DH         LINE#         524
  -------         ENDPROC       FP_DETECTING
  -------         ENDMOD        SENSOR_FP

  -------         MODULE        HYM8564
  C:0000H         SYMBOL        _ICE_DUMMY_
  D:0080H         PUBLIC        P0
BL51 BANKED LINKER/LOCATER V6.22                                                      04/24/2018  09:35:20  PAGE 23


  D:0090H         PUBLIC        P1
  C:2705H         PUBLIC        _IIC_HYM8564_SendByte
  C:27F6H         PUBLIC        IIC_HYM8564_RecvAck
  D:00A0H         PUBLIC        P2
  D:00B0H         PUBLIC        P3
  D:00C0H         PUBLIC        P4
  D:00C8H         PUBLIC        P5
  C:0046H         PUBLIC        IIC_HYM8564_Stop
  C:001EH         PUBLIC        Delay1us
  D:00A8H         PUBLIC        IE
  D:00B8H         PUBLIC        IP
  D:00D8H         PUBLIC        CCON
  C:2AA0H         PUBLIC        _DelayXus
  D:0098H         PUBLIC        SCON
  D:0088H         PUBLIC        TCON
  B:0090H.5       PUBLIC        P15
  B:0090H.6       PUBLIC        P16
  D:00F0H         PUBLIC        B
  C:1B94H         SYMBOL        _?ix1000
  C:1BE4H         SYMBOL        _?ix1001
  D:00E0H         PUBLIC        ACC
  C:1232H         PUBLIC        HYM8564_Test
  C:2859H         PUBLIC        _read_HYM8564_byte
  C:1EF1H         PUBLIC        timeSet
  C:29B3H         PUBLIC        _write_HYM8564_byte
  C:2AE0H         PUBLIC        IIC_HYM8564_Start
  C:2BF6H         PUBLIC        _BCDtoD
  C:2B9DH         PUBLIC        _DtoBCD
  C:27C2H         PUBLIC        IIC_HYM8564_ReadByte
  D:00D0H         PUBLIC        PSW
  -------         PROC          DELAY1US
  C:001EH         LINE#         10
  C:001EH         LINE#         12
  C:001FH         LINE#         13
  C:0020H         LINE#         14
  C:0021H         LINE#         15
  -------         ENDPROC       DELAY1US
  C:2A9AH         SYMBOL        L?0037
  C:2A9CH         SYMBOL        L?0038
  -------         PROC          L?0036
  -------         ENDPROC       L?0036
  C:2A9AH         SYMBOL        L?0037
  C:2A9CH         SYMBOL        L?0038
  -------         PROC          _DELAYXUS
  D:0006H         SYMBOL        x
  -------         DO            
  X:0000H         SYMBOL        loop
  -------         ENDDO         
  C:2AA0H         LINE#         17
  C:2AA0H         LINE#         19
  C:2AAAH         LINE#         21
  C:2ABAH         LINE#         23
  C:2ABDH         LINE#         24
  C:2ABFH         LINE#         25
  -------         ENDPROC       _DELAYXUS
  -------         PROC          IIC_HYM8564_START
  C:2AE0H         LINE#         27
BL51 BANKED LINKER/LOCATER V6.22                                                      04/24/2018  09:35:20  PAGE 24


  C:2AE0H         LINE#         29
  C:2AE3H         LINE#         30
  C:2AEAH         LINE#         31
  C:2AF1H         LINE#         32
  C:2AF8H         LINE#         33
  -------         ENDPROC       IIC_HYM8564_START
  -------         PROC          IIC_HYM8564_STOP
  C:0046H         LINE#         36
  C:0046H         LINE#         38
  C:004BH         LINE#         39
  C:0052H         LINE#         40
  C:0059H         LINE#         41
  C:0060H         LINE#         42
  C:0062H         LINE#         43
  -------         ENDPROC       IIC_HYM8564_STOP
  -------         PROC          IIC_HYM8564_RECVACK
  -------         DO            
  D:0005H         SYMBOL        ack
  D:0002H         SYMBOL        a
  -------         ENDDO         
  C:27F6H         LINE#         45
  C:27F6H         LINE#         47
  C:27F8H         LINE#         48
  C:27FAH         LINE#         50
  C:2802H         LINE#         51
  C:2809H         LINE#         53
  C:281CH         LINE#         55
  C:2824H         LINE#         57
  C:2826H         LINE#         59
  C:2828H         LINE#         60
  -------         ENDPROC       IIC_HYM8564_RECVACK
  -------         PROC          _IIC_HYM8564_SENDBYTE
  D:0005H         SYMBOL        dat
  -------         DO            
  D:0002H         SYMBOL        i
  -------         ENDDO         
  C:2705H         LINE#         62
  C:2707H         LINE#         66
  C:270AH         LINE#         68
  C:270EH         LINE#         70
  C:2711H         LINE#         71
  C:2718H         LINE#         73
  C:2727H         LINE#         75
  C:2729H         LINE#         76
  C:2729H         LINE#         77
  C:272BH         LINE#         79
  C:272DH         LINE#         80
  C:2730H         LINE#         81
  C:2730H         LINE#         82
  C:2732H         LINE#         83
  C:2735H         LINE#         84
  C:2740H         LINE#         86
  C:2740H         LINE#         87
  C:2743H         LINE#         89
  -------         ENDPROC       _IIC_HYM8564_SENDBYTE
  -------         PROC          IIC_HYM8564_READBYTE
  -------         DO            
BL51 BANKED LINKER/LOCATER V6.22                                                      04/24/2018  09:35:20  PAGE 25


  D:0002H         SYMBOL        i
  D:0005H         SYMBOL        recv
  -------         ENDDO         
  C:27C2H         LINE#         91
  C:27C2H         LINE#         94
  C:27C4H         LINE#         96
  C:27CCH         LINE#         98
  C:27D0H         LINE#         100
  C:27D4H         LINE#         101
  C:27D9H         LINE#         103
  C:27E2H         LINE#         104
  C:27E2H         LINE#         106
  C:27E5H         LINE#         107
  C:27E5H         LINE#         109
  C:27E5H         LINE#         110
  C:27E8H         LINE#         111
  C:27F3H         LINE#         113
  C:27F5H         LINE#         114
  -------         ENDPROC       IIC_HYM8564_READBYTE
  -------         PROC          _READ_HYM8564_BYTE
  D:0004H         SYMBOL        add
  -------         DO            
  D:0005H         SYMBOL        dat
  D:0007H         SYMBOL        temp
  -------         ENDDO         
  C:2859H         LINE#         116
  C:285BH         LINE#         118
  C:285DH         LINE#         119
  C:285EH         LINE#         121
  C:2861H         LINE#         122
  C:2866H         LINE#         124
  C:2869H         LINE#         126
  C:286EH         LINE#         128
  C:2871H         LINE#         130
  C:2874H         LINE#         131
  C:2879H         LINE#         133
  C:287CH         LINE#         134
  C:2881H         LINE#         136
  C:2884H         LINE#         138
  C:2886H         LINE#         139
  -------         ENDPROC       _READ_HYM8564_BYTE
  -------         PROC          _WRITE_HYM8564_BYTE
  X:0251H         SYMBOL        add
  D:0004H         SYMBOL        dat
  -------         DO            
  D:0007H         SYMBOL        temp
  -------         ENDDO         
  C:29B3H         LINE#         141
  C:29BAH         LINE#         143
  C:29BCH         LINE#         145
  C:29BFH         LINE#         146
  C:29C4H         LINE#         148
  C:29C7H         LINE#         150
  C:29CCH         LINE#         152
  C:29CFH         LINE#         154
  C:29D4H         LINE#         156
  C:29D7H         LINE#         158
BL51 BANKED LINKER/LOCATER V6.22                                                      04/24/2018  09:35:20  PAGE 26


  -------         ENDPROC       _WRITE_HYM8564_BYTE
  -------         PROC          _DTOBCD
  D:0007H         SYMBOL        num
  C:2B9DH         LINE#         161
  C:2B9DH         LINE#         163
  C:2BAFH         LINE#         164
  -------         ENDPROC       _DTOBCD
  -------         PROC          _BCDTOD
  D:0007H         SYMBOL        num
  C:2BF6H         LINE#         166
  C:2BF6H         LINE#         168
  C:2C04H         LINE#         169
  -------         ENDPROC       _BCDTOD
  -------         PROC          TIMESET
  X:01FDH         SYMBOL        timeDats
  C:1EF1H         LINE#         171
  C:1EF1H         LINE#         173
  C:1F00H         LINE#         174
  C:1F0FH         LINE#         175
  C:1F1EH         LINE#         176
  C:1F2DH         LINE#         177
  C:1F3CH         LINE#         178
  C:1F4BH         LINE#         179
  -------         ENDPROC       TIMESET
  -------         PROC          HYM8564_TEST
  -------         DO            
  C:1B8DH         SYMBOL        timeSet_Tab1
  X:016BH         SYMBOL        Log
  X:01BBH         SYMBOL        valTime_Local
  -------         ENDDO         
  C:1232H         LINE#         182
  C:1232H         LINE#         186
  C:1245H         LINE#         187
  C:1258H         LINE#         189
  C:126EH         LINE#         191
  C:126EH         LINE#         193
  C:127BH         LINE#         194
  C:1286H         LINE#         195
  C:1291H         LINE#         196
  C:129CH         LINE#         197
  C:12A7H         LINE#         198
  C:12B2H         LINE#         199
  C:12BDH         LINE#         209
  C:1328H         LINE#         211
  C:133CH         LINE#         213
  C:1343H         LINE#         214
  -------         ENDPROC       HYM8564_TEST
  -------         ENDMOD        HYM8564

  -------         MODULE        RELAY
  C:0000H         SYMBOL        _ICE_DUMMY_
  D:0080H         PUBLIC        P0
  D:00B2H         PUBLIC        P3M0
  D:0090H         PUBLIC        P1
  D:00B1H         PUBLIC        P3M1
  D:00A0H         PUBLIC        P2
  D:00B0H         PUBLIC        P3
BL51 BANKED LINKER/LOCATER V6.22                                                      04/24/2018  09:35:20  PAGE 27


  D:00C0H         PUBLIC        P4
  D:00C8H         PUBLIC        P5
  X:0229H         PUBLIC        relayTIM
  D:00A8H         PUBLIC        IE
  C:2C54H         PUBLIC        relay_Init
  D:00B8H         PUBLIC        IP
  C:22A7H         PUBLIC        _relay_Act
  D:00D8H         PUBLIC        CCON
  D:0098H         PUBLIC        SCON
  D:0088H         PUBLIC        TCON
  B:00B0H.3       PUBLIC        CON_RELAY
  D:00F0H         PUBLIC        B
  D:00E0H         PUBLIC        ACC
  D:00D0H         PUBLIC        PSW
  -------         PROC          RELAY_INIT
  C:2C54H         LINE#         5
  C:2C54H         LINE#         7
  C:2C57H         LINE#         8
  C:2C57H         LINE#         10
  C:2C59H         LINE#         11
  -------         ENDPROC       RELAY_INIT
  -------         PROC          _RELAY_ACT
  D:0007H         SYMBOL        act_Method
  B:0021H.5       SYMBOL        timer_EN
  -------         DO            
  X:0227H         SYMBOL        status_Relay
  -------         ENDDO         
  C:22A7H         LINE#         13
  C:22A7H         LINE#         17
  C:22B3H         LINE#         19
  C:22B3H         LINE#         21
  C:22CBH         LINE#         23
  C:22CEH         LINE#         24
  C:22D0H         LINE#         26
  C:22D0H         LINE#         28
  C:22D8H         LINE#         30
  C:22DDH         LINE#         31
  C:22DFH         LINE#         33
  C:22DFH         LINE#         35
  C:22E6H         LINE#         37
  C:22E8H         LINE#         38
  C:22E8H         LINE#         39
  C:22E8H         LINE#         41
  C:22F6H         LINE#         42
  -------         ENDPROC       _RELAY_ACT
  -------         ENDMOD        RELAY

  -------         MODULE        DATATRANS
  C:0000H         SYMBOL        _ICE_DUMMY_
  D:0080H         PUBLIC        P0
  D:0090H         PUBLIC        P1
  D:00A0H         PUBLIC        P2
  D:00B0H         PUBLIC        P3
  C:23DFH         PUBLIC        uartObjWIFI_Init
  D:00C0H         PUBLIC        P4
  C:2024H         PUBLIC        thread_dataTrans
  C:2B4BH         PUBLIC        rxBuff_WIFI_Clr
BL51 BANKED LINKER/LOCATER V6.22                                                      04/24/2018  09:35:20  PAGE 28


  D:00C8H         PUBLIC        P5
  D:00A8H         PUBLIC        IE
  D:00B8H         PUBLIC        IP
  B:0098H.0       PUBLIC        RI
  B:0098H.1       PUBLIC        TI
  D:00D8H         PUBLIC        CCON
  C:1D88H         PUBLIC        UART1_Rountine
  D:0099H         PUBLIC        SBUF
  D:0098H         PUBLIC        SCON
  D:0088H         PUBLIC        TCON
  C:2C6FH         PUBLIC        _uartObjFP_Send_String
  D:00F0H         PUBLIC        B
  C:2140H         SYMBOL        _?ix1000
  C:2141H         SYMBOL        _?ix1001
  X:0252H         PUBLIC        WIFI_Uart_RcvMode
  C:2142H         SYMBOL        _?ix1002
  C:2148H         SYMBOL        _?ix1003
  D:00E0H         PUBLIC        ACC
  C:2887H         PUBLIC        _frame_Check
  C:2C6CH         PUBLIC        _uartObjWIFI_Send_String
  C:2C69H         PUBLIC        _uartObjFP_Send_Byte
  C:2392H         PUBLIC        uartObjFP_Init
  C:2C66H         PUBLIC        _uartObjWIFI_Send_Byte
  D:00D0H         PUBLIC        PSW
  -------         PROC          UARTOBJWIFI_INIT
  -------         DO            
  X:0140H         SYMBOL        val_uartInit
  -------         ENDDO         
  C:23DFH         LINE#         15
  C:23DFH         LINE#         19
  C:23E5H         LINE#         20
  C:23E9H         LINE#         21
  C:23F1H         LINE#         22
  C:23F6H         LINE#         23
  C:23F9H         LINE#         24
  C:23FCH         LINE#         25
  C:23FFH         LINE#         26
  C:2401H         LINE#         27
  C:2404H         LINE#         28
  C:2406H         LINE#         30
  C:2411H         LINE#         32
  C:2420H         LINE#         34
  -------         ENDPROC       UARTOBJWIFI_INIT
  -------         PROC          UARTOBJFP_INIT
  -------         DO            
  X:0140H         SYMBOL        val_uartInit
  -------         ENDDO         
  C:2392H         LINE#         37
  C:2392H         LINE#         41
  C:2398H         LINE#         42
  C:239CH         LINE#         43
  C:23A4H         LINE#         44
  C:23A9H         LINE#         45
  C:23ACH         LINE#         46
  C:23AFH         LINE#         47
  C:23B2H         LINE#         48
  C:23B5H         LINE#         49
BL51 BANKED LINKER/LOCATER V6.22                                                      04/24/2018  09:35:20  PAGE 29


  C:23B9H         LINE#         50
  C:23BCH         LINE#         52
  C:23C7H         LINE#         54
  C:23D6H         LINE#         56
  -------         ENDPROC       UARTOBJFP_INIT
  -------         PROC          _UARTOBJWIFI_SEND_BYTE
  D:0007H         SYMBOL        dat
  C:2C66H         LINE#         62
  C:2C66H         LINE#         63
  C:2C66H         LINE#         64
  -------         ENDPROC       _UARTOBJWIFI_SEND_BYTE
  -------         PROC          _UARTOBJFP_SEND_BYTE
  D:0007H         SYMBOL        dat
  C:2C69H         LINE#         67
  C:2C69H         LINE#         68
  C:2C69H         LINE#         69
  -------         ENDPROC       _UARTOBJFP_SEND_BYTE
  -------         PROC          _UARTOBJWIFI_SEND_STRING
  D:0001H         SYMBOL        s
  D:0005H         SYMBOL        ucLength
  C:2C6CH         LINE#         72
  C:2C6CH         LINE#         74
  -------         ENDPROC       _UARTOBJWIFI_SEND_STRING
  -------         PROC          _UARTOBJFP_SEND_STRING
  D:0001H         SYMBOL        s
  D:0005H         SYMBOL        ucLength
  C:2C6FH         LINE#         77
  C:2C6FH         LINE#         79
  -------         ENDPROC       _UARTOBJFP_SEND_STRING
  -------         PROC          RXBUFF_WIFI_CLR
  C:2B4BH         LINE#         82
  C:2B4BH         LINE#         84
  C:2B5AH         LINE#         85
  C:2B5FH         LINE#         86
  -------         ENDPROC       RXBUFF_WIFI_CLR
  -------         PROC          UART1_ROUNTINE
  C:1D88H         LINE#         89
  C:1D97H         LINE#         91
  C:1D9AH         LINE#         92
  C:1D9AH         LINE#         93
  C:1D9CH         LINE#         94
  C:1DA2H         LINE#         95
  C:1DA2H         LINE#         112
  C:1DADH         LINE#         113
  C:1DC1H         LINE#         114
  C:1DC7H         LINE#         117
  C:1DC7H         LINE#         118
  C:1DC7H         LINE#         120
  C:1DCAH         LINE#         121
  C:1DCAH         LINE#         122
  C:1DCCH         LINE#         123
  C:1DD9H         LINE#         124
  C:1DD9H         LINE#         125
  C:1DE6H         LINE#         126
  C:1DF3H         LINE#         127
  C:1DF5H         LINE#         128
  C:1DFAH         LINE#         129
BL51 BANKED LINKER/LOCATER V6.22                                                      04/24/2018  09:35:20  PAGE 30


  C:1DFAH         LINE#         130
  -------         ENDPROC       UART1_ROUNTINE
  -------         PROC          _FRAME_CHECK
  X:0236H         SYMBOL        frame_temp
  -------         DO            
  D:0007H         SYMBOL        loop
  D:0006H         SYMBOL        val_Check
  -------         ENDDO         
  C:2887H         LINE#         133
  C:2892H         LINE#         135
  C:2894H         LINE#         136
  C:2895H         LINE#         138
  C:2895H         LINE#         140
  C:28AAH         LINE#         141
  C:28AFH         LINE#         143
  C:28B1H         LINE#         144
  C:28B3H         LINE#         146
  C:28B4H         LINE#         147
  -------         ENDPROC       _FRAME_CHECK
  -------         PROC          THREAD_DATATRANS
  -------         DO            
  X:0140H         SYMBOL        frameHead_Mobilb
  X:0141H         SYMBOL        frameHead_Server
  X:0142H         SYMBOL        MAC_temp
  X:0148H         SYMBOL        test
  -------         ENDDO         
  C:2024H         LINE#         150
  C:2024H         LINE#         153
  C:2037H         LINE#         154
  C:204AH         LINE#         156
  C:205DH         LINE#         158
  C:2070H         LINE#         170
  C:2077H         LINE#         172
  C:207DH         LINE#         173
  C:2086H         LINE#         174
  C:2086H         LINE#         183
  -------         ENDPROC       THREAD_DATATRANS
  -------         ENDMOD        DATATRANS

  -------         MODULE        WIFI_LPT220
  C:0000H         SYMBOL        _ICE_DUMMY_
  D:0092H         PUBLIC        P1M0
  D:0091H         PUBLIC        P1M1
  D:0080H         PUBLIC        P0
  D:0090H         PUBLIC        P1
  D:00A0H         PUBLIC        P2
  D:00B0H         PUBLIC        P3
  D:00C0H         PUBLIC        P4
  D:00C8H         PUBLIC        P5
  C:000EH         PUBLIC        WIFI_hwSmartLink
  D:00A8H         PUBLIC        IE
  C:13CEH         PUBLIC        wifiCMD_dats
  D:00B8H         PUBLIC        IP
  C:192DH         PUBLIC        _WIFI_ENTM_OUT
  C:21FFH         PUBLIC        WIFI_configInit
  D:00D8H         PUBLIC        CCON
  X:0247H         PUBLIC        funKey_WIFI_cnt
BL51 BANKED LINKER/LOCATER V6.22                                                      04/24/2018  09:35:20  PAGE 31


  B:0090H.2       PUBLIC        P12
  D:0098H         PUBLIC        SCON
  D:0088H         PUBLIC        TCON
  C:2C21H         PUBLIC        WIFI_hwRestoreFactory
  C:2C2EH         PUBLIC        WIFI_hwKeyLoop
  D:00F0H         PUBLIC        B
  C:2472H         PUBLIC        WIFI_WMODE_CHG
  C:140FH         SYMBOL        _?ix1000
  C:1437H         SYMBOL        _?ix1001
  D:00E0H         PUBLIC        ACC
  C:152BH         PUBLIC        _WIFI_serverUDP_CHG
  C:16EFH         PUBLIC        _cmdAT_validation
  C:21BFH         PUBLIC        cmdPackAT_validation
  C:2C5AH         PUBLIC        WIFI_pinInit
  D:00D0H         PUBLIC        PSW
  -------         PROC          WIFI_PININIT
  C:2C5AH         LINE#         31
  C:2C5AH         LINE#         33
  C:2C5DH         LINE#         34
  C:2C5DH         LINE#         35
  C:2C5FH         LINE#         36
  -------         ENDPROC       WIFI_PININIT
  -------         PROC          WIFI_HWSMARTLINK
  C:000EH         LINE#         38
  C:000EH         LINE#         40
  C:0010H         LINE#         41
  C:001AH         LINE#         43
  -------         ENDPROC       WIFI_HWSMARTLINK
  -------         PROC          WIFI_HWRESTOREFACTORY
  C:2C21H         LINE#         45
  C:2C21H         LINE#         47
  C:2C23H         LINE#         48
  C:2C2DH         LINE#         49
  -------         ENDPROC       WIFI_HWRESTOREFACTORY
  -------         PROC          WIFI_HWKEYLOOP
  C:2C2EH         LINE#         51
  C:2C2EH         LINE#         53
  C:2C3AH         LINE#         54
  -------         ENDPROC       WIFI_HWKEYLOOP
  -------         PROC          _WIFI_ENTM_OUT
  X:0140H         SYMBOL        repeatLoop
  C:192DH         LINE#         57
  C:1932H         LINE#         59
  C:1932H         LINE#         61
  C:1937H         LINE#         62
  C:193CH         LINE#         63
  C:1941H         LINE#         64
  C:1948H         LINE#         65
  C:194DH         LINE#         66
  C:1954H         LINE#         68
  C:19A0H         LINE#         72
  C:19E4H         LINE#         73
  C:19E6H         LINE#         75
  C:19E7H         LINE#         76
  -------         ENDPROC       _WIFI_ENTM_OUT
  -------         PROC          _CMDAT_VALIDATION
  X:014EH         SYMBOL        cmd
BL51 BANKED LINKER/LOCATER V6.22                                                      04/24/2018  09:35:20  PAGE 32


  X:0151H         SYMBOL        reply
  X:0154H         SYMBOL        replyLen
  X:0157H         SYMBOL        timeWait
  X:0159H         SYMBOL        repeatLoop
  -------         DO            
  X:015AH         SYMBOL        loop
  X:015BH         SYMBOL        loopa
  -------         ENDDO         
  C:16EFH         LINE#         79
  C:16FAH         LINE#         81
  C:16FFH         LINE#         82
  C:1701H         LINE#         84
  C:1713H         LINE#         86
  C:1716H         LINE#         87
  C:1734H         LINE#         88
  C:173FH         LINE#         89
  C:174EH         LINE#         90
  C:1798H         LINE#         92
  C:179BH         LINE#         93
  C:179DH         LINE#         94
  C:17A5H         LINE#         95
  C:17AEH         LINE#         97
  C:17B1H         LINE#         99
  C:17B2H         LINE#         100
  -------         ENDPROC       _CMDAT_VALIDATION
  C:21A6H         SYMBOL        L?0048
  C:21AAH         SYMBOL        L?0049
  C:21B2H         SYMBOL        L?0050
  -------         PROC          L?0047
  -------         ENDPROC       L?0047
  C:21A6H         SYMBOL        L?0048
  C:21AAH         SYMBOL        L?0049
  C:21B2H         SYMBOL        L?0050
  -------         PROC          CMDPACKAT_VALIDATION
  X:0140H         SYMBOL        cmdPack
  X:014DH         SYMBOL        repeatLoop
  C:21BFH         LINE#         103
  C:21BFH         LINE#         105
  C:21FEH         LINE#         110
  -------         ENDPROC       CMDPACKAT_VALIDATION
  -------         PROC          WIFI_CONFIGINIT
  C:21FFH         LINE#         112
  C:21FFH         LINE#         114
  C:2207H         LINE#         115
  C:220DH         LINE#         117
  C:2213H         LINE#         119
  C:221DH         LINE#         120
  C:221DH         LINE#         122
  C:222FH         LINE#         123
  C:222FH         LINE#         125
  C:2241H         LINE#         127
  C:2253H         LINE#         129
  C:2254H         LINE#         130
  -------         ENDPROC       WIFI_CONFIGINIT
  -------         PROC          WIFI_WMODE_CHG
  B:0021H.6       SYMBOL        ifAP
  C:2472H         LINE#         133
BL51 BANKED LINKER/LOCATER V6.22                                                      04/24/2018  09:35:20  PAGE 33


  C:2472H         LINE#         135
  C:247AH         LINE#         136
  C:2480H         LINE#         138
  C:2483H         LINE#         140
  C:2495H         LINE#         141
  C:2495H         LINE#         143
  C:24A7H         LINE#         144
  C:24A7H         LINE#         146
  C:24B9H         LINE#         148
  C:24BAH         LINE#         149
  -------         ENDPROC       WIFI_WMODE_CHG
  -------         PROC          _WIFI_SERVERUDP_CHG
  X:0239H         SYMBOL        ip
  -------         DO            
  I:0056H         SYMBOL        ipNem_temp
[...]
  -------         PROC          _USART_CONFIGURATION
  X:014DH         SYMBOL        UARTx
  X:014EH         SYMBOL        COMx
  -------         DO            
  X:0151H         SYMBOL        i
  X:0152H         SYMBOL        j
  -------         ENDDO         
  C:0638H         LINE#         10
  C:0648H         LINE#         11
  C:0648H         LINE#         15
  C:064FH         LINE#         16
  C:064FH         LINE#         17
  C:0654H         LINE#         18
  C:0657H         LINE#         19
  C:0659H         LINE#         20
  C:065BH         LINE#         21
  C:065DH         LINE#         22
BL51 BANKED LINKER/LOCATER V6.22                                                      04/24/2018  09:35:20  PAGE 40


  C:065FH         LINE#         23
  C:0661H         LINE#         24
  C:0683H         LINE#         25
  C:06A6H         LINE#         27
  C:06BCH         LINE#         28
  C:06C9H         LINE#         29
  C:06CBH         LINE#         30
  C:06D6H         LINE#         31
  C:06E3H         LINE#         32
  C:06E3H         LINE#         33
  C:06FAH         LINE#         34
  C:0717H         LINE#         35
  C:0739H         LINE#         36
  C:074FH         LINE#         37
  C:074FH         LINE#         38
  C:0751H         LINE#         39
  C:0754H         LINE#         40
  C:0757H         LINE#         41
  C:075AH         LINE#         42
  C:075DH         LINE#         43
  C:0772H         LINE#         44
  C:077BH         LINE#         45
  C:077DH         LINE#         46
  C:0780H         LINE#         47
  C:0783H         LINE#         48
  C:0785H         LINE#         49
  C:0787H         LINE#         50
  C:078CH         LINE#         51
  C:078CH         LINE#         52
  C:078FH         LINE#         53
  C:0792H         LINE#         54
  C:0795H         LINE#         55
  C:0798H         LINE#         56
  C:07ADH         LINE#         57
  C:07B6H         LINE#         58
  C:07B9H         LINE#         59
  C:07BCH         LINE#         60
  C:07BFH         LINE#         61
  C:07C1H         LINE#         62
  C:07C4H         LINE#         63
  C:07C4H         LINE#         64
  C:07D5H         LINE#         65
  C:07D5H         LINE#         66
  C:07E3H         LINE#         67
  C:07E6H         LINE#         68
  C:07E8H         LINE#         69
  C:07ECH         LINE#         70
  C:07ECH         LINE#         71
  C:07FAH         LINE#         72
  C:07FDH         LINE#         73
  C:07FDH         LINE#         74
  C:0815H         LINE#         75
  C:0817H         LINE#         76
  C:0824H         LINE#         77
  C:0826H         LINE#         78
  C:0836H         LINE#         79
  C:0844H         LINE#         80
BL51 BANKED LINKER/LOCATER V6.22                                                      04/24/2018  09:35:20  PAGE 41


  C:0847H         LINE#         81
  C:084AH         LINE#         82
  C:084AH         LINE#         84
  C:0855H         LINE#         85
  C:0855H         LINE#         86
  C:085BH         LINE#         87
  C:085EH         LINE#         88
  C:0860H         LINE#         89
  C:0862H         LINE#         90
  C:0864H         LINE#         91
  C:0866H         LINE#         92
  C:0868H         LINE#         93
  C:088AH         LINE#         94
  C:08ADH         LINE#         96
  C:08C8H         LINE#         97
  C:08C8H         LINE#         98
  C:08D6H         LINE#         99
  C:08D9H         LINE#         100
  C:08E4H         LINE#         101
  C:08E7H         LINE#         102
  C:08FEH         LINE#         103
  C:091BH         LINE#         104
  C:093DH         LINE#         105
  C:0940H         LINE#         106
  C:0943H         LINE#         107
  C:0946H         LINE#         108
  C:095BH         LINE#         109
  C:0964H         LINE#         110
  C:0967H         LINE#         111
  C:096AH         LINE#         112
  C:096CH         LINE#         113
  C:096FH         LINE#         114
  C:0988H         LINE#         115
  C:098BH         LINE#         116
  C:0999H         LINE#         117
  C:099CH         LINE#         118
  C:09ACH         LINE#         119
  C:09ACH         LINE#         121
  C:09AEH         LINE#         122
  -------         ENDPROC       _USART_CONFIGURATION
  -------         PROC          _TX1_WRITE2BUFF
  D:0007H         SYMBOL        dat
  C:29DAH         LINE#         127
  C:29DAH         LINE#         128
  C:29DAH         LINE#         129
  C:29E9H         LINE#         130
  C:29F6H         LINE#         132
  C:29FCH         LINE#         133
  C:29FCH         LINE#         134
  C:29FEH         LINE#         135
  C:2A00H         LINE#         136
  C:2A00H         LINE#         137
  -------         ENDPROC       _TX1_WRITE2BUFF
  -------         PROC          _TX2_WRITE2BUFF
  D:0007H         SYMBOL        dat
  C:2964H         LINE#         139
  C:2964H         LINE#         140
BL51 BANKED LINKER/LOCATER V6.22                                                      04/24/2018  09:35:20  PAGE 42


  C:2964H         LINE#         141
  C:2973H         LINE#         142
  C:2980H         LINE#         144
  C:2986H         LINE#         145
  C:2986H         LINE#         146
  C:2988H         LINE#         147
  C:298BH         LINE#         148
  C:298BH         LINE#         149
  -------         ENDPROC       _TX2_WRITE2BUFF
  -------         PROC          _PRINTSTRING1
  D:0001H         SYMBOL        puts
  C:2BB0H         LINE#         151
  C:2BB0H         LINE#         152
  C:2BB0H         LINE#         153
  C:2BC2H         LINE#         154
  -------         ENDPROC       _PRINTSTRING1
  -------         PROC          _PRINTSTRING2
  D:0001H         SYMBOL        puts
  C:2BC3H         LINE#         156
  C:2BC3H         LINE#         157
  C:2BC3H         LINE#         158
  C:2BD5H         LINE#         159
  -------         ENDPROC       _PRINTSTRING2
  -------         PROC          _UART1_DATSSEND
  X:015CH         SYMBOL        dats
  D:0005H         SYMBOL        datsLen
  -------         DO            
  D:0006H         SYMBOL        loop
  -------         ENDDO         
  C:28B5H         LINE#         161
  C:28C0H         LINE#         163
  C:28C2H         LINE#         165
  C:28C7H         LINE#         167
  C:28DEH         LINE#         168
  C:28E1H         LINE#         169
  -------         ENDPROC       _UART1_DATSSEND
  -------         PROC          _UART2_DATSSEND
  X:023CH         SYMBOL        dats
  D:0005H         SYMBOL        datsLen
  -------         DO            
  D:0006H         SYMBOL        loop
  -------         ENDDO         
  C:28E2H         LINE#         171
  C:28EDH         LINE#         173
  C:28EFH         LINE#         175
  C:28F4H         LINE#         177
  C:290BH         LINE#         178
  C:290EH         LINE#         179
  -------         ENDPROC       _UART2_DATSSEND
  -------         PROC          UART_FP_BYTERCV
  -------         DO            
  D:0007H         SYMBOL        dat
  -------         ENDDO         
  C:2C3BH         LINE#         181
  C:2C3BH         LINE#         182
  C:2C3BH         LINE#         186
  C:2C40H         LINE#         187
BL51 BANKED LINKER/LOCATER V6.22                                                      04/24/2018  09:35:20  PAGE 43


  C:2C43H         LINE#         188
  C:2C45H         LINE#         189
  C:2C45H         LINE#         190
  -------         ENDPROC       UART_FP_BYTERCV
  -------         PROC          UART2_ROUNTINE
  C:2255H         LINE#         233
  C:2264H         LINE#         246
  C:2269H         LINE#         247
  C:2269H         LINE#         248
  C:226CH         LINE#         249
  C:2279H         LINE#         250
  C:2279H         LINE#         251
  C:2286H         LINE#         252
  C:2293H         LINE#         253
  C:2295H         LINE#         254
  C:229AH         LINE#         255
  C:229AH         LINE#         257
  -------         ENDPROC       UART2_ROUNTINE
  -------         ENDMOD        USART

  -------         MODULE        TIMER
  C:0000H         SYMBOL        _ICE_DUMMY_
  D:0080H         PUBLIC        P0
  D:0090H         PUBLIC        P1
  D:00A0H         PUBLIC        P2
  D:00B0H         PUBLIC        P3
  D:00C0H         PUBLIC        P4
  D:00C8H         PUBLIC        P5
  D:00A8H         PUBLIC        IE
  D:00B8H         PUBLIC        IP
  D:00D8H         PUBLIC        CCON
  D:0098H         PUBLIC        SCON
  D:0089H         PUBLIC        TMOD
  D:0088H         PUBLIC        TCON
  C:1097H         PUBLIC        _Timer_Inilize
  D:00AFH         PUBLIC        IE2
  D:00F0H         PUBLIC        B
  D:008EH         PUBLIC        AUXR
  D:00E0H         PUBLIC        ACC
  B:00A8H.1       PUBLIC        ET0
  B:00A8H.3       PUBLIC        ET1
  D:008CH         PUBLIC        TH0
  D:008DH         PUBLIC        TH1
  D:00D6H         PUBLIC        TH2
  D:008AH         PUBLIC        TL0
  D:008BH         PUBLIC        TL1
  D:00D7H         PUBLIC        TL2
  B:00B8H.1       PUBLIC        PT0
  B:00B8H.3       PUBLIC        PT1
  B:0088H.4       PUBLIC        TR0
  B:0088H.6       PUBLIC        TR1
  D:008FH         PUBLIC        INT_CLKO
  D:00D0H         PUBLIC        PSW
  -------         PROC          _TIMER_INILIZE
  D:0005H         SYMBOL        TIM
  D:0001H         SYMBOL        TIMx
  C:1097H         LINE#         18
BL51 BANKED LINKER/LOCATER V6.22                                                      04/24/2018  09:35:20  PAGE 44


  C:1099H         LINE#         19
  C:1099H         LINE#         20
  C:10A2H         LINE#         22
  C:10A8H         LINE#         23
  C:10A8H         LINE#         24
  C:10AAH         LINE#         25
  C:10B7H         LINE#         26
  C:10B9H         LINE#         27
  C:10C6H         LINE#         28
  C:10C8H         LINE#         29
  C:10D4H         LINE#         30
  C:10DBH         LINE#         31
  C:10E8H         LINE#         32
  C:10EEH         LINE#         33
  C:10F7H         LINE#         34
  C:10FAH         LINE#         35
  C:1108H         LINE#         36
  C:110BH         LINE#         38
  C:1115H         LINE#         39
  C:111DH         LINE#         40
  C:1128H         LINE#         41
  C:112BH         LINE#         42
  C:112BH         LINE#         44
  C:1133H         LINE#         45
  C:1133H         LINE#         46
  C:1135H         LINE#         47
  C:1142H         LINE#         48
  C:1144H         LINE#         49
  C:1151H         LINE#         50
  C:1153H         LINE#         51
  C:115FH         LINE#         52
  C:1166H         LINE#         53
  C:1173H         LINE#         54
  C:1179H         LINE#         55
  C:1182H         LINE#         56
  C:1185H         LINE#         57
  C:1193H         LINE#         58
  C:1196H         LINE#         60
  C:11A0H         LINE#         61
  C:11A8H         LINE#         62
  C:11B3H         LINE#         63
  C:11B6H         LINE#         64
  C:11B6H         LINE#         66
  C:11BBH         LINE#         67
  C:11BBH         LINE#         68
  C:11BEH         LINE#         69
  C:11CCH         LINE#         70
  C:11CFH         LINE#         71
  C:11DEH         LINE#         72
  C:11E5H         LINE#         73
  C:11F0H         LINE#         74
  C:11FEH         LINE#         75
  C:1201H         LINE#         76
  C:120FH         LINE#         77
  C:1212H         LINE#         79
  C:121EH         LINE#         80
  C:1220H         LINE#         81
BL51 BANKED LINKER/LOCATER V6.22                                                      04/24/2018  09:35:20  PAGE 45


  C:122CH         LINE#         82
  C:122FH         LINE#         83
  C:122FH         LINE#         84
  C:1231H         LINE#         85
  -------         ENDPROC       _TIMER_INILIZE
  -------         ENDMOD        TIMER

  -------         MODULE        PARS_METHOD
  C:0000H         SYMBOL        _ICE_DUMMY_
  C:161BH         PUBLIC        _memmem
  -------         PROC          _MEMMEM
  X:015CH         SYMBOL        start
  X:015FH         SYMBOL        s_len
  X:0160H         SYMBOL        find
  X:0163H         SYMBOL        f_len
  -------         DO            
  X:0164H         SYMBOL        len
  X:0165H         SYMBOL        p
  X:0168H         SYMBOL        q
  -------         ENDDO         
  C:161BH         LINE#         4
  C:162BH         LINE#         6
  C:1630H         LINE#         7
  C:1639H         LINE#         8
  C:164EH         LINE#         10
  C:1681H         LINE#         12
  C:16ABH         LINE#         14
  C:16B1H         LINE#         15
  C:16CBH         LINE#         16
  C:16CBH         LINE#         18
  C:16E0H         LINE#         19
  C:16E5H         LINE#         20
  C:16E8H         LINE#         22
  C:16EEH         LINE#         23
  -------         ENDPROC       _MEMMEM
  -------         ENDMOD        PARS_METHOD

  -------         MODULE        ?C?COPY
  C:0136H         PUBLIC        ?C?COPY
  -------         ENDMOD        ?C?COPY

  -------         MODULE        ?C?CLDPTR
  C:015CH         PUBLIC        ?C?CLDPTR
  -------         ENDMOD        ?C?CLDPTR

  -------         MODULE        ?C?CLDOPTR
  C:0175H         PUBLIC        ?C?CLDOPTR
  -------         ENDMOD        ?C?CLDOPTR

  -------         MODULE        ?C?CSTPTR
  C:01A2H         PUBLIC        ?C?CSTPTR
  -------         ENDMOD        ?C?CSTPTR

  -------         MODULE        ?C?IMUL
  C:01B4H         PUBLIC        ?C?IMUL
  -------         ENDMOD        ?C?IMUL

BL51 BANKED LINKER/LOCATER V6.22                                                      04/24/2018  09:35:20  PAGE 46


  -------         MODULE        ?C?IILDX
  C:01C6H         PUBLIC        ?C?IILDX
  -------         ENDMOD        ?C?IILDX

  -------         MODULE        ?C?ILDIX
  C:01DCH         PUBLIC        ?C?ILDIX
  -------         ENDMOD        ?C?ILDIX

  -------         MODULE        ?C?ILDOPTR
  C:01F2H         PUBLIC        ?C?ILDOPTR
  -------         ENDMOD        ?C?ILDOPTR

  -------         MODULE        ?C?ULDIV
  C:0266H         PUBLIC        ?C?ULDIV
  -------         ENDMOD        ?C?ULDIV

  -------         MODULE        ?C?ULCMP
  C:02F8H         PUBLIC        ?C?ULCMP
  -------         ENDMOD        ?C?ULCMP

  -------         MODULE        ?C?ULSHR
  C:0309H         PUBLIC        ?C?ULSHR
  -------         ENDMOD        ?C?ULSHR

  -------         MODULE        ?C?LLDOPTR0
  C:031CH         PUBLIC        ?C?LLDOPTR0
  -------         ENDMOD        ?C?LLDOPTR0

  -------         MODULE        ?C?LSTXDATA
  C:034CH         PUBLIC        ?C?LSTXDATA
  -------         ENDMOD        ?C?LSTXDATA

  -------         MODULE        ?C?LSTKXDATA
  C:0358H         PUBLIC        ?C?LSTKXDATA
  -------         ENDMOD        ?C?LSTKXDATA

  -------         MODULE        ?C?PLDOPTR
  C:0389H         PUBLIC        ?C?PLDOPTR
  -------         ENDMOD        ?C?PLDOPTR

  -------         MODULE        ?C?ICALL
  C:03B9H         PUBLIC        ?C?ICALL
  C:03BDH         PUBLIC        ?C?ICALL2
  -------         ENDMOD        ?C?ICALL

  -------         MODULE        PRINTF
  X:01C2H         PUBLIC        ?_PRINTF517?BYTE
  X:01C2H         PUBLIC        ?_PRINTF?BYTE
  X:01C2H         PUBLIC        ?_SPRINTF517?BYTE
  X:01C2H         PUBLIC        ?_SPRINTF?BYTE
  C:0A1AH         PUBLIC        _PRINTF
  C:0A1AH         PUBLIC        _PRINTF517
  C:0A14H         PUBLIC        _SPRINTF
  C:0A14H         PUBLIC        _SPRINTF517
  -------         ENDMOD        PRINTF

  -------         MODULE        STRLEN
BL51 BANKED LINKER/LOCATER V6.22                                                      04/24/2018  09:35:20  PAGE 47


  C:2B75H         PUBLIC        _STRLEN
  -------         ENDMOD        STRLEN

  -------         MODULE        ?C?MEMCMP
  C:0545H         PUBLIC        ?C?MEMCMP
  -------         ENDMOD        ?C?MEMCMP

  -------         MODULE        ?C?MEMSET
  C:0569H         PUBLIC        ?C?MEMSET
  -------         ENDMOD        ?C?MEMSET

  -------         MODULE        ?C?LLDIDATA0
  C:0595H         PUBLIC        ?C?LLDIDATA0
  -------         ENDMOD        ?C?LLDIDATA0

  -------         MODULE        ?C?LLDXDATA0
  C:05A2H         PUBLIC        ?C?LLDXDATA0
  -------         ENDMOD        ?C?LLDXDATA0

  -------         MODULE        ?C?LLDPDATA0
  C:05AEH         PUBLIC        ?C?LLDPDATA0
  -------         ENDMOD        ?C?LLDPDATA0

  -------         MODULE        ?C?LLDCODE0
  C:05BBH         PUBLIC        ?C?LLDCODE0
  -------         ENDMOD        ?C?LLDCODE0

  -------         MODULE        ?C?PLDIDATA
  C:05CBH         PUBLIC        ?C?PLDIDATA
  -------         ENDMOD        ?C?PLDIDATA

  -------         MODULE        ?C?PLDXDATA
  C:05D4H         PUBLIC        ?C?PLDXDATA
  -------         ENDMOD        ?C?PLDXDATA

  -------         MODULE        ?C?PLDIXDATA
  C:05DDH         PUBLIC        ?C?PLDIXDATA
  -------         ENDMOD        ?C?PLDIXDATA

  -------         MODULE        ?C?PSTXDATA
  C:05F4H         PUBLIC        ?C?PSTXDATA
  -------         ENDMOD        ?C?PSTXDATA

  -------         MODULE        ?C?PLDPDATA
  C:05FDH         PUBLIC        ?C?PLDPDATA
  -------         ENDMOD        ?C?PLDPDATA

  -------         MODULE        ?C?PLDCODE
  C:0606H         PUBLIC        ?C?PLDCODE
  -------         ENDMOD        ?C?PLDCODE

  -------         MODULE        ?C?CCASE
  C:0612H         PUBLIC        ?C?CCASE
  -------         ENDMOD        ?C?CCASE

  -------         MODULE        PUTCHAR
  C:2A01H         PUBLIC        _PUTCHAR
BL51 BANKED LINKER/LOCATER V6.22                                                      04/24/2018  09:35:20  PAGE 48


  -------         ENDMOD        PUTCHAR

*** WARNING L16: UNCALLED SEGMENT, IGNORED FOR OVERLAY PROCESS
    SEGMENT: ?PR?MAC_ID_RELAES?DATAMANAGE

*** WARNING L16: UNCALLED SEGMENT, IGNORED FOR OVERLAY PROCESS
    SEGMENT: ?PR?FUNKEYCB_SHORT?USRKIN

*** WARNING L16: UNCALLED SEGMENT, IGNORED FOR OVERLAY PROCESS
    SEGMENT: ?PR?FINGERPRINT_CMD_SEARCH_FINGER?SENSOR_FP

*** WARNING L16: UNCALLED SEGMENT, IGNORED FOR OVERLAY PROCESS
    SEGMENT: ?PR?FINGERPRINT_CMD_SEARCH_FINGER_ADMIN?SENSOR_FP

*** WARNING L16: UNCALLED SEGMENT, IGNORED FOR OVERLAY PROCESS
    SEGMENT: ?PR?FINGERPRINT_CMD_DELETE_ALL_MODEL?SENSOR_FP

*** WARNING L16: UNCALLED SEGMENT, IGNORED FOR OVERLAY PROCESS
    SEGMENT: ?PR?_FP_CMD_DELETE_MODEL?SENSOR_FP

*** WARNING L16: UNCALLED SEGMENT, IGNORED FOR OVERLAY PROCESS
    SEGMENT: ?PR?FINGERPRINT_CMD_GET_TEMPLETE_NUM?SENSOR_FP

*** WARNING L16: UNCALLED SEGMENT, IGNORED FOR OVERLAY PROCESS
    SEGMENT: ?PR?_FP_CMD_SAVE_FINGER?SENSOR_FP

*** WARNING L16: UNCALLED SEGMENT, IGNORED FOR OVERLAY PROCESS
    SEGMENT: ?PR?_FP_CMD_LOAD_MODEL?SENSOR_FP

*** WARNING L16: UNCALLED SEGMENT, IGNORED FOR OVERLAY PROCESS
    SEGMENT: ?PR?_FP_USERMODELNEW_ADD?SENSOR_FP

*** WARNING L16: UNCALLED SEGMENT, IGNORED FOR OVERLAY PROCESS
    SEGMENT: ?PR?FP_DETECTING?SENSOR_FP

*** WARNING L16: UNCALLED SEGMENT, IGNORED FOR OVERLAY PROCESS
    SEGMENT: ?PR?HYM8564_TEST?HYM8564

*** WARNING L16: UNCALLED SEGMENT, IGNORED FOR OVERLAY PROCESS
    SEGMENT: ?PR?_RELAY_ACT?RELAY

*** WARNING L16: UNCALLED SEGMENT, IGNORED FOR OVERLAY PROCESS
    SEGMENT: ?PR?_FRAME_CHECK?DATATRANS

*** WARNING L16: UNCALLED SEGMENT, IGNORED FOR OVERLAY PROCESS
    SEGMENT: ?PR?WIFI_HWRESTOREFACTORY?WIFI_LPT220

*** WARNING L16: UNCALLED SEGMENT, IGNORED FOR OVERLAY PROCESS
    SEGMENT: ?PR?WIFI_WMODE_CHG?WIFI_LPT220

*** WARNING L16: UNCALLED SEGMENT, IGNORED FOR OVERLAY PROCESS
    SEGMENT: ?PR?_WIFI_SERVERUDP_CHG?WIFI_LPT220

*** WARNING L16: UNCALLED SEGMENT, IGNORED FOR OVERLAY PROCESS
    SEGMENT: ?PR?_EEPROM_SECTORERASE?EEPROM

Program Size: data=112.7 xdata=595 code=11376
BL51 BANKED LINKER/LOCATER V6.22                                                      04/24/2018  09:35:20  PAGE 49


LINK/LOCATE RUN COMPLETE.  18 WARNING(S),  0 ERROR(S)
